Archive member included to satisfy reference by file (symbol)

/opt/stm32cubeide/plugins/com.st.stm32cube.ide.mcu.externaltools.gnu-tools-for-stm32.13.3.rel1.linux64_1.0.0.202410170706/tools/bin/../lib/gcc/arm-none-eabi/13.3.1/../../../../arm-none-eabi/lib/thumb/v7e-m+dp/hard/libc_nano.a(libc_a-exit.o)
                              /opt/stm32cubeide/plugins/com.st.stm32cube.ide.mcu.externaltools.gnu-tools-for-stm32.13.3.rel1.linux64_1.0.0.202410170706/tools/bin/../lib/gcc/arm-none-eabi/13.3.1/../../../../arm-none-eabi/lib/thumb/v7e-m+dp/hard/crt0.o (exit)
/opt/stm32cubeide/plugins/com.st.stm32cube.ide.mcu.externaltools.gnu-tools-for-stm32.13.3.rel1.linux64_1.0.0.202410170706/tools/bin/../lib/gcc/arm-none-eabi/13.3.1/../../../../arm-none-eabi/lib/thumb/v7e-m+dp/hard/libc_nano.a(libc_a-findfp.o)
                              /opt/stm32cubeide/plugins/com.st.stm32cube.ide.mcu.externaltools.gnu-tools-for-stm32.13.3.rel1.linux64_1.0.0.202410170706/tools/bin/../lib/gcc/arm-none-eabi/13.3.1/../../../../arm-none-eabi/lib/thumb/v7e-m+dp/hard/libc_nano.a(libc_a-exit.o) (__stdio_exit_handler)
/opt/stm32cubeide/plugins/com.st.stm32cube.ide.mcu.externaltools.gnu-tools-for-stm32.13.3.rel1.linux64_1.0.0.202410170706/tools/bin/../lib/gcc/arm-none-eabi/13.3.1/../../../../arm-none-eabi/lib/thumb/v7e-m+dp/hard/libc_nano.a(libc_a-fwalk.o)
                              /opt/stm32cubeide/plugins/com.st.stm32cube.ide.mcu.externaltools.gnu-tools-for-stm32.13.3.rel1.linux64_1.0.0.202410170706/tools/bin/../lib/gcc/arm-none-eabi/13.3.1/../../../../arm-none-eabi/lib/thumb/v7e-m+dp/hard/libc_nano.a(libc_a-findfp.o) (_fwalk_sglue)
/opt/stm32cubeide/plugins/com.st.stm32cube.ide.mcu.externaltools.gnu-tools-for-stm32.13.3.rel1.linux64_1.0.0.202410170706/tools/bin/../lib/gcc/arm-none-eabi/13.3.1/../../../../arm-none-eabi/lib/thumb/v7e-m+dp/hard/libc_nano.a(libc_a-stdio.o)
                              /opt/stm32cubeide/plugins/com.st.stm32cube.ide.mcu.externaltools.gnu-tools-for-stm32.13.3.rel1.linux64_1.0.0.202410170706/tools/bin/../lib/gcc/arm-none-eabi/13.3.1/../../../../arm-none-eabi/lib/thumb/v7e-m+dp/hard/libc_nano.a(libc_a-findfp.o) (__sread)
/opt/stm32cubeide/plugins/com.st.stm32cube.ide.mcu.externaltools.gnu-tools-for-stm32.13.3.rel1.linux64_1.0.0.202410170706/tools/bin/../lib/gcc/arm-none-eabi/13.3.1/../../../../arm-none-eabi/lib/thumb/v7e-m+dp/hard/libc_nano.a(libc_a-memset.o)
                              /opt/stm32cubeide/plugins/com.st.stm32cube.ide.mcu.externaltools.gnu-tools-for-stm32.13.3.rel1.linux64_1.0.0.202410170706/tools/bin/../lib/gcc/arm-none-eabi/13.3.1/../../../../arm-none-eabi/lib/thumb/v7e-m+dp/hard/crt0.o (memset)
/opt/stm32cubeide/plugins/com.st.stm32cube.ide.mcu.externaltools.gnu-tools-for-stm32.13.3.rel1.linux64_1.0.0.202410170706/tools/bin/../lib/gcc/arm-none-eabi/13.3.1/../../../../arm-none-eabi/lib/thumb/v7e-m+dp/hard/libc_nano.a(libc_a-closer.o)
                              /opt/stm32cubeide/plugins/com.st.stm32cube.ide.mcu.externaltools.gnu-tools-for-stm32.13.3.rel1.linux64_1.0.0.202410170706/tools/bin/../lib/gcc/arm-none-eabi/13.3.1/../../../../arm-none-eabi/lib/thumb/v7e-m+dp/hard/libc_nano.a(libc_a-stdio.o) (_close_r)
/opt/stm32cubeide/plugins/com.st.stm32cube.ide.mcu.externaltools.gnu-tools-for-stm32.13.3.rel1.linux64_1.0.0.202410170706/tools/bin/../lib/gcc/arm-none-eabi/13.3.1/../../../../arm-none-eabi/lib/thumb/v7e-m+dp/hard/libc_nano.a(libc_a-reent.o)
                              /opt/stm32cubeide/plugins/com.st.stm32cube.ide.mcu.externaltools.gnu-tools-for-stm32.13.3.rel1.linux64_1.0.0.202410170706/tools/bin/../lib/gcc/arm-none-eabi/13.3.1/../../../../arm-none-eabi/lib/thumb/v7e-m+dp/hard/libc_nano.a(libc_a-closer.o) (errno)
/opt/stm32cubeide/plugins/com.st.stm32cube.ide.mcu.externaltools.gnu-tools-for-stm32.13.3.rel1.linux64_1.0.0.202410170706/tools/bin/../lib/gcc/arm-none-eabi/13.3.1/../../../../arm-none-eabi/lib/thumb/v7e-m+dp/hard/libc_nano.a(libc_a-impure.o)
                              /opt/stm32cubeide/plugins/com.st.stm32cube.ide.mcu.externaltools.gnu-tools-for-stm32.13.3.rel1.linux64_1.0.0.202410170706/tools/bin/../lib/gcc/arm-none-eabi/13.3.1/../../../../arm-none-eabi/lib/thumb/v7e-m+dp/hard/libc_nano.a(libc_a-reent.o) (_impure_ptr)
/opt/stm32cubeide/plugins/com.st.stm32cube.ide.mcu.externaltools.gnu-tools-for-stm32.13.3.rel1.linux64_1.0.0.202410170706/tools/bin/../lib/gcc/arm-none-eabi/13.3.1/../../../../arm-none-eabi/lib/thumb/v7e-m+dp/hard/libc_nano.a(libc_a-lseekr.o)
                              /opt/stm32cubeide/plugins/com.st.stm32cube.ide.mcu.externaltools.gnu-tools-for-stm32.13.3.rel1.linux64_1.0.0.202410170706/tools/bin/../lib/gcc/arm-none-eabi/13.3.1/../../../../arm-none-eabi/lib/thumb/v7e-m+dp/hard/libc_nano.a(libc_a-stdio.o) (_lseek_r)
[...]
Memory Configuration

Name             Origin             Length             Attributes
ITCMRAM          0x00000000         0x00010000         xrw
DTCMRAM          0x20000000         0x00020000         xrw
FLASH            0x08000000         0x00100000         xr
RAM_D1           0x24000000         0x00050000         xrw
RAM_D2           0x30000000         0x00008000         xrw
RAM_D3           0x38000000         0x00004000         xrw
*default*        0x00000000         0xffffffff

Linker script and memory map

LOAD /opt/stm32cubeide/plugins/com.st.stm32cube.ide.mcu.externaltools.gnu-tools-for-stm32.13.3.rel1.linux64_1.0.0.202410170706/tools/bin/../lib/gcc/arm-none-eabi/13.3.1/thumb/v7e-m+dp/hard/crti.o
LOAD /opt/stm32cubeide/plugins/com.st.stm32cube.ide.mcu.externaltools.gnu-tools-for-stm32.13.3.rel1.linux64_1.0.0.202410170706/tools/bin/../lib/gcc/arm-none-eabi/13.3.1/thumb/v7e-m+dp/hard/crtbegin.o
LOAD /opt/stm32cubeide/plugins/com.st.stm32cube.ide.mcu.externaltools.gnu-tools-for-stm32.13.3.rel1.linux64_1.0.0.202410170706/tools/bin/../lib/gcc/arm-none-eabi/13.3.1/../../../../arm-none-eabi/lib/thumb/v7e-m+dp/hard/crt0.o
LOAD ./Core/Repo/Src/ESC_Driver.o
LOAD ./Core/Repo/Src/Sumo_Robot.o
LOAD ./Core/Repo/Src/VL53L0X.o
LOAD ./Core/Repo/Src/WaveShareDriver.o
LOAD ./Core/Repo/Src/btn_matrix.o
LOAD ./Core/Repo/Src/cpp_main.o
LOAD ./Core/Src/main.o
LOAD ./Core/Src/stm32h7xx_hal_msp.o
LOAD ./Core/Src/stm32h7xx_it.o
LOAD ./Core/Src/syscalls.o
LOAD ./Core/Src/sysmem.o
LOAD ./Core/Src/system_stm32h7xx.o
LOAD ./Core/Startup/startup_stm32h723zgtx.o
LOAD ./Drivers/STM32H7xx_HAL_Driver/Src/stm32h7xx_hal.o
LOAD ./Drivers/STM32H7xx_HAL_Driver/Src/stm32h7xx_hal_cortex.o
LOAD ./Drivers/STM32H7xx_HAL_Driver/Src/stm32h7xx_hal_dma.o
LOAD ./Drivers/STM32H7xx_HAL_Driver/Src/stm32h7xx_hal_dma_ex.o
LOAD ./Drivers/STM32H7xx_HAL_Driver/Src/stm32h7xx_hal_exti.o
LOAD ./Drivers/STM32H7xx_HAL_Driver/Src/stm32h7xx_hal_flash.o
LOAD ./Drivers/STM32H7xx_HAL_Driver/Src/stm32h7xx_hal_flash_ex.o
LOAD ./Drivers/STM32H7xx_HAL_Driver/Src/stm32h7xx_hal_gpio.o
LOAD ./Drivers/STM32H7xx_HAL_Driver/Src/stm32h7xx_hal_hsem.o
LOAD ./Drivers/STM32H7xx_HAL_Driver/Src/stm32h7xx_hal_i2c.o
LOAD ./Drivers/STM32H7xx_HAL_Driver/Src/stm32h7xx_hal_i2c_ex.o
LOAD ./Drivers/STM32H7xx_HAL_Driver/Src/stm32h7xx_hal_mdma.o
LOAD ./Drivers/STM32H7xx_HAL_Driver/Src/stm32h7xx_hal_pwr.o
LOAD ./Drivers/STM32H7xx_HAL_Driver/Src/stm32h7xx_hal_pwr_ex.o
LOAD ./Drivers/STM32H7xx_HAL_Driver/Src/stm32h7xx_hal_rcc.o
LOAD ./Drivers/STM32H7xx_HAL_Driver/Src/stm32h7xx_hal_rcc_ex.o
LOAD ./Drivers/STM32H7xx_HAL_Driver/Src/stm32h7xx_hal_spi.o
LOAD ./Drivers/STM32H7xx_HAL_Driver/Src/stm32h7xx_hal_spi_ex.o
LOAD ./Drivers/STM32H7xx_HAL_Driver/Src/stm32h7xx_ll_adc.o
LOAD ./Drivers/STM32H7xx_HAL_Driver/Src/stm32h7xx_ll_dma.o
LOAD ./Drivers/STM32H7xx_HAL_Driver/Src/stm32h7xx_ll_exti.o
LOAD ./Drivers/STM32H7xx_HAL_Driver/Src/stm32h7xx_ll_gpio.o
LOAD ./Drivers/STM32H7xx_HAL_Driver/Src/stm32h7xx_ll_rcc.o
LOAD ./Drivers/STM32H7xx_HAL_Driver/Src/stm32h7xx_ll_tim.o
LOAD ./Drivers/STM32H7xx_HAL_Driver/Src/stm32h7xx_ll_utils.o
START GROUP
LOAD /opt/stm32cubeide/plugins/com.st.stm32cube.ide.mcu.externaltools.gnu-tools-for-stm32.13.3.rel1.linux64_1.0.0.202410170706/tools/bin/../lib/gcc/arm-none-eabi/13.3.1/../../../../arm-none-eabi/lib/thumb/v7e-m+dp/hard/libstdc++_nano.a
LOAD /opt/stm32cubeide/plugins/com.st.stm32cube.ide.mcu.externaltools.gnu-tools-for-stm32.13.3.rel1.linux64_1.0.0.202410170706/tools/bin/../lib/gcc/arm-none-eabi/13.3.1/../../../../arm-none-eabi/lib/thumb/v7e-m+dp/hard/libsupc++_nano.a
END GROUP
LOAD /opt/stm32cubeide/plugins/com.st.stm32cube.ide.mcu.externaltools.gnu-tools-for-stm32.13.3.rel1.linux64_1.0.0.202410170706/tools/bin/../lib/gcc/arm-none-eabi/13.3.1/../../../../arm-none-eabi/lib/thumb/v7e-m+dp/hard/libstdc++_nano.a
LOAD /opt/stm32cubeide/plugins/com.st.stm32cube.ide.mcu.externaltools.gnu-tools-for-stm32.13.3.rel1.linux64_1.0.0.202410170706/tools/bin/../lib/gcc/arm-none-eabi/13.3.1/../../../../arm-none-eabi/lib/thumb/v7e-m+dp/hard/libm.a
LOAD /opt/stm32cubeide/plugins/com.st.stm32cube.ide.mcu.externaltools.gnu-tools-for-stm32.13.3.rel1.linux64_1.0.0.202410170706/tools/bin/../lib/gcc/arm-none-eabi/13.3.1/../../../../arm-none-eabi/lib/thumb/v7e-m+dp/hard/libc_nano.a
START GROUP
LOAD /opt/stm32cubeide/plugins/com.st.stm32cube.ide.mcu.externaltools.gnu-tools-for-stm32.13.3.rel1.linux64_1.0.0.202410170706/tools/bin/../lib/gcc/arm-none-eabi/13.3.1/thumb/v7e-m+dp/hard/libgcc.a
LOAD /opt/stm32cubeide/plugins/com.st.stm32cube.ide.mcu.externaltools.gnu-tools-for-stm32.13.3.rel1.linux64_1.0.0.202410170706/tools/bin/../lib/gcc/arm-none-eabi/13.3.1/../../../../arm-none-eabi/lib/thumb/v7e-m+dp/hard/libc_nano.a
END GROUP
START GROUP
LOAD /opt/stm32cubeide/plugins/com.st.stm32cube.ide.mcu.externaltools.gnu-tools-for-stm32.13.3.rel1.linux64_1.0.0.202410170706/tools/bin/../lib/gcc/arm-none-eabi/13.3.1/thumb/v7e-m+dp/hard/libgcc.a
LOAD /opt/stm32cubeide/plugins/com.st.stm32cube.ide.mcu.externaltools.gnu-tools-for-stm32.13.3.rel1.linux64_1.0.0.202410170706/tools/bin/../lib/gcc/arm-none-eabi/13.3.1/../../../../arm-none-eabi/lib/thumb/v7e-m+dp/hard/libc_nano.a
LOAD /opt/stm32cubeide/plugins/com.st.stm32cube.ide.mcu.externaltools.gnu-tools-for-stm32.13.3.rel1.linux64_1.0.0.202410170706/tools/bin/../lib/gcc/arm-none-eabi/13.3.1/../../../../arm-none-eabi/lib/thumb/v7e-m+dp/hard/libnosys.a
END GROUP
START GROUP
LOAD /opt/stm32cubeide/plugins/com.st.stm32cube.ide.mcu.externaltools.gnu-tools-for-stm32.13.3.rel1.linux64_1.0.0.202410170706/tools/bin/../lib/gcc/arm-none-eabi/13.3.1/thumb/v7e-m+dp/hard/libgcc.a
LOAD /opt/stm32cubeide/plugins/com.st.stm32cube.ide.mcu.externaltools.gnu-tools-for-stm32.13.3.rel1.linux64_1.0.0.202410170706/tools/bin/../lib/gcc/arm-none-eabi/13.3.1/../../../../arm-none-eabi/lib/thumb/v7e-m+dp/hard/libc_nano.a
LOAD /opt/stm32cubeide/plugins/com.st.stm32cube.ide.mcu.externaltools.gnu-tools-for-stm32.13.3.rel1.linux64_1.0.0.202410170706/tools/bin/../lib/gcc/arm-none-eabi/13.3.1/../../../../arm-none-eabi/lib/thumb/v7e-m+dp/hard/libnosys.a
END GROUP
LOAD /opt/stm32cubeide/plugins/com.st.stm32cube.ide.mcu.externaltools.gnu-tools-for-stm32.13.3.rel1.linux64_1.0.0.202410170706/tools/bin/../lib/gcc/arm-none-eabi/13.3.1/thumb/v7e-m+dp/hard/crtend.o
LOAD /opt/stm32cubeide/plugins/com.st.stm32cube.ide.mcu.externaltools.gnu-tools-for-stm32.13.3.rel1.linux64_1.0.0.202410170706/tools/bin/../lib/gcc/arm-none-eabi/13.3.1/thumb/v7e-m+dp/hard/crtn.o
                0x24050000                        _estack = (ORIGIN (RAM_D1) + LENGTH (RAM_D1))
                0x00000200                        _Min_Heap_Size = 0x200
                0x00000400                        _Min_Stack_Size = 0x400

.isr_vector     0x08000000      0x2cc
                0x08000000                        . = ALIGN (0x4)
 *(.isr_vector)
 .isr_vector    0x08000000      0x2cc ./Core/Startup/startup_stm32h723zgtx.o
                0x08000000                g_pfnVectors
                0x080002cc                        . = ALIGN (0x4)

.text           0x080002d0     0xaf04
                0x080002d0                        . = ALIGN (0x4)
 *(.text)
 .text          0x080002d0       0x40 /opt/stm32cubeide/plugins/com.st.stm32cube.ide.mcu.externaltools.gnu-tools-for-stm32.13.3.rel1.linux64_1.0.0.202410170706/tools/bin/../lib/gcc/arm-none-eabi/13.3.1/thumb/v7e-m+dp/hard/crtbegin.o
 *(.text*)
 .text._ZN8BLDC_ESCC2EP11TIM_TypeDefh
                0x08000310       0x6e ./Core/Repo/Src/ESC_Driver.o
                0x08000310                BLDC_ESC::BLDC_ESC(TIM_TypeDef*, unsigned char)
                0x08000310                BLDC_ESC::BLDC_ESC(TIM_TypeDef*, unsigned char)
 *fill*         0x0800037e        0x2 
 .text._ZN8BLDC_ESC13speed_controlEm
                0x08000380       0x90 ./Core/Repo/Src/ESC_Driver.o
                0x08000380                BLDC_ESC::speed_control(unsigned long)
 .text._ZN10Sumo_RobotC2EP19__SPI_HandleTypeDefP19__I2C_HandleTypeDefS3_S3_S3_S3_P11TIM_TypeDef
                0x08000410      0x130 ./Core/Repo/Src/Sumo_Robot.o
                0x08000410                Sumo_Robot::Sumo_Robot(__SPI_HandleTypeDef*, __I2C_HandleTypeDef*, __I2C_HandleTypeDef*, __I2C_HandleTypeDef*, __I2C_HandleTypeDef*, __I2C_HandleTypeDef*, TIM_TypeDef*)
                0x08000410                Sumo_Robot::Sumo_Robot(__SPI_HandleTypeDef*, __I2C_HandleTypeDef*, __I2C_HandleTypeDef*, __I2C_HandleTypeDef*, __I2C_HandleTypeDef*, __I2C_HandleTypeDef*, TIM_TypeDef*)
 .text._ZN10Sumo_Robot13MotorShutdownEv
                0x08000540       0x48 ./Core/Repo/Src/Sumo_Robot.o
                0x08000540                Sumo_Robot::MotorShutdown()
 .text._ZN10Sumo_Robot13EstopActivateEv
                0x08000588       0x48 ./Core/Repo/Src/Sumo_Robot.o
                0x08000588                Sumo_Robot::EstopActivate()
 .text._ZN10Sumo_Robot16SetupPhaseUpdateEv
                0x080005d0      0x4c8 ./Core/Repo/Src/Sumo_Robot.o
                0x080005d0                Sumo_Robot::SetupPhaseUpdate()
 .text._ZN10Sumo_Robot11updateStateEv
                0x08000a98       0x84 ./Core/Repo/Src/Sumo_Robot.o
                0x08000a98                Sumo_Robot::updateState()
 .text._ZN10Sumo_Robot9SetSpeedsEhhhh
                0x08000b1c       0x62 ./Core/Repo/Src/Sumo_Robot.o
                0x08000b1c                Sumo_Robot::SetSpeeds(unsigned char, unsigned char, unsigned char, unsigned char)
 .text._ZN10Sumo_Robot11ReadSensorsEv
                0x08000b7e      0x128 ./Core/Repo/Src/Sumo_Robot.o
                0x08000b7e                Sumo_Robot::ReadSensors()
 *fill*         0x08000ca6        0x2 
 .text._ZN10Sumo_Robot14RunPhaseUpdateEv
                0x08000ca8      0x514 ./Core/Repo/Src/Sumo_Robot.o
                0x08000ca8                Sumo_Robot::RunPhaseUpdate()
 .text._ZN10Sumo_Robot14Searching_LeftEv
                0x080011bc       0x7c ./Core/Repo/Src/Sumo_Robot.o
                0x080011bc                Sumo_Robot::Searching_Left()
 .text._ZN10Sumo_Robot15Searching_RightEv
                0x08001238       0x7c ./Core/Repo/Src/Sumo_Robot.o
                0x08001238                Sumo_Robot::Searching_Right()
 .text._ZN7VL53L0XC2EP19__I2C_HandleTypeDef
                0x080012b4       0x60 ./Core/Repo/Src/VL53L0X.o
                0x080012b4                VL53L0X::VL53L0X(__I2C_HandleTypeDef*)
                0x080012b4                VL53L0X::VL53L0X(__I2C_HandleTypeDef*)
 .text._ZN7VL53L0X11getSpadInfoEPhPb
                0x08001314      0x164 ./Core/Repo/Src/VL53L0X.o
                0x08001314                VL53L0X::getSpadInfo(unsigned char*, bool*)
 .text._ZN7VL53L0X22getSequenceStepEnablesEP19SequenceStepEnables
                0x08001478       0x68 ./Core/Repo/Src/VL53L0X.o
                0x08001478                VL53L0X::getSequenceStepEnables(SequenceStepEnables*)
 .text._ZN7VL53L0X23getSequenceStepTimeoutsEPK19SequenceStepEnablesP20SequenceStepTimeouts
                0x080014e0       0xd6 ./Core/Repo/Src/VL53L0X.o
                0x080014e0                VL53L0X::getSequenceStepTimeouts(SequenceStepEnables const*, SequenceStepTimeouts*)
 .text._ZN7VL53L0X27performSingleRefCalibrationEh
                0x080015b6       0x94 ./Core/Repo/Src/VL53L0X.o
                0x080015b6                VL53L0X::performSingleRefCalibration(unsigned char)
 .text._ZN7VL53L0X13decodeTimeoutEt
                0x0800164a       0x28 ./Core/Repo/Src/VL53L0X.o
                0x0800164a                VL53L0X::decodeTimeout(unsigned short)
 .text._ZN7VL53L0X13encodeTimeoutEt
                0x08001672       0x54 ./Core/Repo/Src/VL53L0X.o
                0x08001672                VL53L0X::encodeTimeout(unsigned short)
 *fill*         0x080016c6        0x2 
 .text._ZN7VL53L0X26timeoutMclksToMicrosecondsEth
                0x080016c8       0x50 ./Core/Repo/Src/VL53L0X.o
                0x080016c8                VL53L0X::timeoutMclksToMicroseconds(unsigned short, unsigned char)
 .text._ZN7VL53L0X26timeoutMicrosecondsToMclksEmh
                0x08001718       0x4c ./Core/Repo/Src/VL53L0X.o
                0x08001718                VL53L0X::timeoutMicrosecondsToMclks(unsigned long, unsigned char)
 .text._ZN7VL53L0X12writeReg8BitEhh
                0x08001764       0x50 ./Core/Repo/Src/VL53L0X.o
                0x08001764                VL53L0X::writeReg8Bit(unsigned char, unsigned char)
 .text._ZN7VL53L0X13writeReg16BitEht
                0x080017b4       0x50 ./Core/Repo/Src/VL53L0X.o
                0x080017b4                VL53L0X::writeReg16Bit(unsigned char, unsigned short)
 .text._ZN7VL53L0X11readReg8BitEh
                0x08001804       0x54 ./Core/Repo/Src/VL53L0X.o
                0x08001804                VL53L0X::readReg8Bit(unsigned char)
 .text._ZN7VL53L0X12readReg16BitEh
                0x08001858       0x56 ./Core/Repo/Src/VL53L0X.o
                0x08001858                VL53L0X::readReg16Bit(unsigned char)
 .text._ZN7VL53L0X10writeMultiEhPKhh
                0x080018ae       0x5a ./Core/Repo/Src/VL53L0X.o
                0x080018ae                VL53L0X::writeMulti(unsigned char, unsigned char const*, unsigned char)
 .text._ZN7VL53L0X9readMultiEhPhh
                0x08001908       0x52 ./Core/Repo/Src/VL53L0X.o
                0x08001908                VL53L0X::readMulti(unsigned char, unsigned char*, unsigned char)
 .text._ZN7VL53L0X11initVL53L0XEbP19__I2C_HandleTypeDef
                0x0800195a      0x5a8 ./Core/Repo/Src/VL53L0X.o
                0x0800195a                VL53L0X::initVL53L0X(bool, __I2C_HandleTypeDef*)
 *fill*         0x08001f02        0x6 
 .text._ZN7VL53L0X18setSignalRateLimitEf
                0x08001f08       0x6c ./Core/Repo/Src/VL53L0X.o
                0x08001f08                VL53L0X::setSignalRateLimit(float)
 .text._ZN7VL53L0X26setMeasurementTimingBudgetEm
                0x08001f74      0x130 ./Core/Repo/Src/VL53L0X.o
                0x08001f74                VL53L0X::setMeasurementTimingBudget(unsigned long)
 .text._ZN7VL53L0X26getMeasurementTimingBudgetEv
                0x080020a4       0xcc ./Core/Repo/Src/VL53L0X.o
                0x080020a4                VL53L0X::getMeasurementTimingBudget()
 .text._ZN7VL53L0X19setVcselPulsePeriodE15vcselPeriodTypeh
                0x08002170      0x2ec ./Core/Repo/Src/VL53L0X.o
                0x08002170                VL53L0X::setVcselPulsePeriod(vcselPeriodType, unsigned char)
 .text._ZN7VL53L0X19getVcselPulsePeriodE15vcselPeriodType
                0x0800245c       0x4a ./Core/Repo/Src/VL53L0X.o
                0x0800245c                VL53L0X::getVcselPulsePeriod(vcselPeriodType)
 .text._ZN7VL53L0X30readRangeContinuousMillimetersEP18statInfo_t_VL53L0X
                0x080024a6      0x104 ./Core/Repo/Src/VL53L0X.o
                0x080024a6                VL53L0X::readRangeContinuousMillimeters(statInfo_t_VL53L0X*)
 .text._ZN7VL53L0X26readRangeSingleMillimetersEP18statInfo_t_VL53L0X
                0x080025aa       0xd2 ./Core/Repo/Src/VL53L0X.o
                0x080025aa                VL53L0X::readRangeSingleMillimeters(statInfo_t_VL53L0X*)
 .text._ZN9WaveShareC2EP19__SPI_HandleTypeDef
                0x0800267c       0x2e ./Core/Repo/Src/WaveShareDriver.o
                0x0800267c                WaveShare::WaveShare(__SPI_HandleTypeDef*)
                0x0800267c                WaveShare::WaveShare(__SPI_HandleTypeDef*)
 *fill*         0x080026aa        0x2 
 .text._ZN9WaveShare11sendCommandEh
                0x080026ac       0x44 ./Core/Repo/Src/WaveShareDriver.o
                0x080026ac                WaveShare::sendCommand(unsigned char)
 .text._ZN9WaveShare13sendData_byteEh
                0x080026f0       0x38 ./Core/Repo/Src/WaveShareDriver.o
                0x080026f0                WaveShare::sendData_byte(unsigned char)
 .text._ZN9WaveShare13sendData_wordEt
                0x08002728       0x40 ./Core/Repo/Src/WaveShareDriver.o
                0x08002728                WaveShare::sendData_word(unsigned short)
 .text._ZN9WaveShare12resetDisplayEv
                0x08002768       0x34 ./Core/Repo/Src/WaveShareDriver.o
                0x08002768                WaveShare::resetDisplay()
 .text._ZN9WaveShare11initDisplayEv
                0x0800279c      0x298 ./Core/Repo/Src/WaveShareDriver.o
                0x0800279c                WaveShare::initDisplay()
 .text._ZN9WaveShare17setCursorLocationEhhhh
                0x08002a34       0x8a ./Core/Repo/Src/WaveShareDriver.o
                0x08002a34                WaveShare::setCursorLocation(unsigned char, unsigned char, unsigned char, unsigned char)
 .text._ZN9WaveShare10fillScreenEt
                0x08002abe       0x54 ./Core/Repo/Src/WaveShareDriver.o
                0x08002abe                WaveShare::fillScreen(unsigned short)
 .text._ZN9WaveShare8setPixelEttt
                0x08002b12       0x46 ./Core/Repo/Src/WaveShareDriver.o
                0x08002b12                WaveShare::setPixel(unsigned short, unsigned short, unsigned short)
 .text._ZN9WaveShare10drawStringEhhPKcth
                0x08002b58       0xac ./Core/Repo/Src/WaveShareDriver.o
                0x08002b58                WaveShare::drawString(unsigned char, unsigned char, char const*, unsigned short, unsigned char)
 .text._ZN9WaveShare13drawCharacterEhhcth
                0x08002c04      0x148 ./Core/Repo/Src/WaveShareDriver.o
                0x08002c04                WaveShare::drawCharacter(unsigned char, unsigned char, char, unsigned short, unsigned char)
 .text._ZN9WaveShare8drawLineEhhhht
                0x08002d4c       0xda ./Core/Repo/Src/WaveShareDriver.o
                0x08002d4c                WaveShare::drawLine(unsigned char, unsigned char, unsigned char, unsigned char, unsigned short)
 *fill*         0x08002e26        0x2 
 .text._ZN9WaveShare10showScreenE6Screenh
                0x08002e28     0x1704 ./Core/Repo/Src/WaveShareDriver.o
                0x08002e28                WaveShare::showScreen(Screen, unsigned char)
 .text.LL_ADC_Enable
                0x0800452c       0x28 ./Core/Repo/Src/btn_matrix.o
 .text.LL_ADC_REG_StartConversion
                0x08004554       0x28 ./Core/Repo/Src/btn_matrix.o
 .text.LL_ADC_REG_StopConversion
                0x0800457c       0x28 ./Core/Repo/Src/btn_matrix.o
 .text.LL_ADC_REG_IsConversionOngoing
                0x080045a4       0x26 ./Core/Repo/Src/btn_matrix.o
 .text.LL_ADC_REG_IsStopConversionOngoing
                0x080045ca       0x26 ./Core/Repo/Src/btn_matrix.o
 .text.LL_ADC_REG_ReadConversionData16
                0x080045f0       0x1a ./Core/Repo/Src/btn_matrix.o
 *fill*         0x0800460a        0x2 
 .text._ZN6btnMatC2Ev
                0x0800460c       0x24 ./Core/Repo/Src/btn_matrix.o
                0x0800460c                btnMat::btnMat()
                0x0800460c                btnMat::btnMat()
 .text._ZN6btnMat6updateEPt
                0x08004630      0x27c ./Core/Repo/Src/btn_matrix.o
                0x08004630                btnMat::update(unsigned short*)
 .text._ZN6btnMat7readADCEP11ADC_TypeDefPt
                0x080048ac       0xc4 ./Core/Repo/Src/btn_matrix.o
                0x080048ac                btnMat::readADC(ADC_TypeDef*, unsigned short*)
 .text._ZN6btnMat10resetStateEv
                0x08004970       0x1a ./Core/Repo/Src/btn_matrix.o
                0x08004970                btnMat::resetState()
 *fill*         0x0800498a        0x2 
 .text.HAL_GPIO_EXTI_Callback
                0x0800498c       0x40 ./Core/Repo/Src/cpp_main.o
                0x0800498c                HAL_GPIO_EXTI_Callback
 .text._Z12EstopEngagedv
                0x080049cc       0x6c ./Core/Repo/Src/cpp_main.o
                0x080049cc                EstopEngaged()
 .text.main_cpp_loop
                0x08004a38       0x74 ./Core/Repo/Src/cpp_main.o
                0x08004a38                main_cpp_loop
 .text.__NVIC_GetPriorityGrouping
                0x08004aac       0x1c ./Core/Src/main.o
 .text.__NVIC_EnableIRQ
                0x08004ac8       0x3c ./Core/Src/main.o
 .text.__NVIC_SetPriority
                0x08004b04       0x54 ./Core/Src/main.o
 .text.NVIC_EncodePriority
                0x08004b58       0x66 ./Core/Src/main.o
 *fill*         0x08004bbe        0x2 
 .text.LL_ADC_SetChannelPreselection
                0x08004bc0       0x74 ./Core/Src/main.o
 .text.LL_ADC_REG_SetSequencerRanks
                0x08004c34       0x58 ./Core/Src/main.o
 .text.LL_ADC_REG_SetDataTransferMode
                0x08004c8c       0x26 ./Core/Src/main.o
 .text.LL_ADC_SetChannelSamplingTime
                0x08004cb2       0x56 ./Core/Src/main.o
 .text.LL_ADC_SetChannelSingleDiff
                0x08004d08       0x80 ./Core/Src/main.o
 .text.LL_ADC_SetOverSamplingScope
                0x08004d88       0x2c ./Core/Src/main.o
 .text.LL_ADC_DisableDeepPowerDown
                0x08004db4       0x24 ./Core/Src/main.o
 .text.LL_ADC_EnableInternalRegulator
                0x08004dd8       0x28 ./Core/Src/main.o
 .text.LL_TIM_DisableARRPreload
                0x08004e00       0x20 ./Core/Src/main.o
 .text.LL_TIM_OC_DisableFast
                0x08004e20       0xa4 ./Core/Src/main.o
 .text.LL_TIM_OC_EnablePreload
                0x08004ec4       0xa0 ./Core/Src/main.o
 .text.LL_TIM_SetClockSource
                0x08004f64       0x2c ./Core/Src/main.o
 .text.LL_TIM_SetTriggerOutput
                0x08004f90       0x26 ./Core/Src/main.o
 .text.LL_TIM_DisableMasterSlaveMode
                0x08004fb6       0x20 ./Core/Src/main.o
 *fill*         0x08004fd6        0x2 
 .text.LL_AHB1_GRP1_EnableClock
                0x08004fd8       0x38 ./Core/Src/main.o
 .text.LL_AHB4_GRP1_EnableClock
                0x08005010       0x38 ./Core/Src/main.o
 .text.LL_APB1_GRP1_EnableClock
                0x08005048       0x38 ./Core/Src/main.o
 .text.main     0x08005080       0x3c ./Core/Src/main.o
                0x08005080                main
 .text.SystemClock_Config
                0x080050bc       0xdc ./Core/Src/main.o
                0x080050bc                SystemClock_Config
 .text.MX_ADC1_Init
                0x08005198      0x250 ./Core/Src/main.o
 .text.MX_I2C1_Init
                0x080053e8       0x80 ./Core/Src/main.o
 .text.MX_I2C2_Init
                0x08005468       0x80 ./Core/Src/main.o
 .text.MX_I2C3_Init
                0x080054e8       0x80 ./Core/Src/main.o
 .text.MX_I2C4_Init
                0x08005568       0x80 ./Core/Src/main.o
 .text.MX_I2C5_Init
                0x080055e8       0x80 ./Core/Src/main.o
 .text.MX_SPI1_Init
                0x08005668       0xb0 ./Core/Src/main.o
 .text.MX_TIM3_Init
                0x08005718      0x1a0 ./Core/Src/main.o
 .text.MX_GPIO_Init
                0x080058b8      0x264 ./Core/Src/main.o
 .text.MPU_Config
                0x08005b1c       0x58 ./Core/Src/main.o
 .text.Error_Handler
                0x08005b74        0xc ./Core/Src/main.o
                0x08005b74                Error_Handler
 .text.HAL_MspInit
                0x08005b80       0x34 ./Core/Src/stm32h7xx_hal_msp.o
                0x08005b80                HAL_MspInit
 .text.HAL_I2C_MspInit
                0x08005bb4      0x3dc ./Core/Src/stm32h7xx_hal_msp.o
                0x08005bb4                HAL_I2C_MspInit
 .text.HAL_SPI_MspInit
                0x08005f90      0x11c ./Core/Src/stm32h7xx_hal_msp.o
                0x08005f90                HAL_SPI_MspInit
 .text.NMI_Handler
                0x080060ac        0x8 ./Core/Src/stm32h7xx_it.o
                0x080060ac                NMI_Handler
 .text.HardFault_Handler
                0x080060b4        0x8 ./Core/Src/stm32h7xx_it.o
                0x080060b4                HardFault_Handler
 .text.MemManage_Handler
                0x080060bc        0x8 ./Core/Src/stm32h7xx_it.o
                0x080060bc                MemManage_Handler
 .text.BusFault_Handler
                0x080060c4        0x8 ./Core/Src/stm32h7xx_it.o
                0x080060c4                BusFault_Handler
 .text.UsageFault_Handler
                0x080060cc        0x8 ./Core/Src/stm32h7xx_it.o
                0x080060cc                UsageFault_Handler
 .text.SVC_Handler
                0x080060d4        0xe ./Core/Src/stm32h7xx_it.o
                0x080060d4                SVC_Handler
 .text.DebugMon_Handler
                0x080060e2        0xe ./Core/Src/stm32h7xx_it.o
                0x080060e2                DebugMon_Handler
 .text.PendSV_Handler
                0x080060f0        0xe ./Core/Src/stm32h7xx_it.o
                0x080060f0                PendSV_Handler
 .text.SysTick_Handler
                0x080060fe        0xc ./Core/Src/stm32h7xx_it.o
                0x080060fe                SysTick_Handler
 .text.EXTI0_IRQHandler
                0x0800610a        0xe ./Core/Src/stm32h7xx_it.o
                0x0800610a                EXTI0_IRQHandler
 .text.EXTI1_IRQHandler
                0x08006118        0xe ./Core/Src/stm32h7xx_it.o
                0x08006118                EXTI1_IRQHandler
 .text.ADC_IRQHandler
                0x08006126        0xe ./Core/Src/stm32h7xx_it.o
                0x08006126                ADC_IRQHandler
 .text.SystemInit
                0x08006134      0x120 ./Core/Src/system_stm32h7xx.o
                0x08006134                SystemInit
 .text.ExitRun0Mode
                0x08006254       0x30 ./Core/Src/system_stm32h7xx.o
                0x08006254                ExitRun0Mode
 .text.Reset_Handler
                0x08006284       0x54 ./Core/Startup/startup_stm32h723zgtx.o
                0x08006284                Reset_Handler
 .text.Default_Handler
                0x080062d8        0x2 ./Core/Startup/startup_stm32h723zgtx.o
                0x080062d8                RTC_Alarm_IRQHandler
                0x080062d8                EXTI2_IRQHandler
                0x080062d8                TIM8_CC_IRQHandler
                0x080062d8                UART8_IRQHandler
                0x080062d8                SPI4_IRQHandler
                0x080062d8                FDCAN3_IT0_IRQHandler
                0x080062d8                TIM1_CC_IRQHandler
                0x080062d8                BDMA_Channel6_IRQHandler
                0x080062d8                DMA2_Stream5_IRQHandler
                0x080062d8                DMA1_Stream5_IRQHandler
                0x080062d8                CORDIC_IRQHandler
                0x080062d8                BDMA_Channel1_IRQHandler
                0x080062d8                TAMP_STAMP_IRQHandler
                0x080062d8                EXTI3_IRQHandler
                0x080062d8                LPTIM4_IRQHandler
                0x080062d8                TIM8_TRG_COM_TIM14_IRQHandler
                0x080062d8                LPTIM2_IRQHandler
                0x080062d8                DFSDM1_FLT1_IRQHandler
                0x080062d8                DMAMUX2_OVR_IRQHandler
                0x080062d8                TIM8_UP_TIM13_IRQHandler
                0x080062d8                I2C3_ER_IRQHandler
                0x080062d8                DFSDM1_FLT2_IRQHandler
                0x080062d8                I2C5_EV_IRQHandler
                0x080062d8                USART10_IRQHandler
                0x080062d8                MDMA_IRQHandler
                0x080062d8                LPTIM3_IRQHandler
                0x080062d8                HSEM1_IRQHandler
                0x080062d8                I2C2_EV_IRQHandler
                0x080062d8                DMA1_Stream2_IRQHandler
                0x080062d8                FPU_IRQHandler
                0x080062d8                OTG_HS_WKUP_IRQHandler
                0x080062d8                FDCAN1_IT1_IRQHandler
                0x080062d8                LTDC_ER_IRQHandler
                0x080062d8                DMA2_Stream2_IRQHandler
                0x080062d8                SPI1_IRQHandler
                0x080062d8                OCTOSPI1_IRQHandler
                0x080062d8                TIM6_DAC_IRQHandler
                0x080062d8                DMA2_Stream3_IRQHandler
                0x080062d8                OCTOSPI2_IRQHandler
                0x080062d8                DFSDM1_FLT3_IRQHandler
                0x080062d8                TIM23_IRQHandler
                0x080062d8                USART6_IRQHandler
                0x080062d8                TIM17_IRQHandler
                0x080062d8                USART3_IRQHandler
                0x080062d8                BDMA_Channel7_IRQHandler
                0x080062d8                LPTIM5_IRQHandler
                0x080062d8                UART5_IRQHandler
                0x080062d8                ADC3_IRQHandler
                0x080062d8                DMA2_Stream0_IRQHandler
                0x080062d8                TIM4_IRQHandler
                0x080062d8                BDMA_Channel2_IRQHandler
                0x080062d8                I2C1_EV_IRQHandler
                0x080062d8                DMA1_Stream6_IRQHandler
                0x080062d8                DMAMUX1_OVR_IRQHandler
                0x080062d8                DMA1_Stream1_IRQHandler
                0x080062d8                TIM16_IRQHandler
                0x080062d8                UART4_IRQHandler
                0x080062d8                BDMA_Channel5_IRQHandler
                0x080062d8                TIM3_IRQHandler
                0x080062d8                RCC_IRQHandler
                0x080062d8                UART9_IRQHandler
                0x080062d8                TIM8_BRK_TIM12_IRQHandler
                0x080062d8                TIM1_TRG_COM_IRQHandler
                0x080062d8                Default_Handler
                0x080062d8                ECC_IRQHandler
                0x080062d8                FMAC_IRQHandler
                0x080062d8                CEC_IRQHandler
                0x080062d8                EXTI15_10_IRQHandler
                0x080062d8                BDMA_Channel0_IRQHandler
                0x080062d8                I2C5_ER_IRQHandler
                0x080062d8                DMA1_Stream7_IRQHandler
                0x080062d8                SPI5_IRQHandler
                0x080062d8                TIM7_IRQHandler
                0x080062d8                FDCAN3_IT1_IRQHandler
                0x080062d8                SDMMC1_IRQHandler
                0x080062d8                TIM5_IRQHandler
                0x080062d8                DMA2_Stream7_IRQHandler
                0x080062d8                TIM15_IRQHandler
                0x080062d8                PVD_AVD_IRQHandler
                0x080062d8                I2C3_EV_IRQHandler
                0x080062d8                EXTI9_5_IRQHandler
                0x080062d8                RTC_WKUP_IRQHandler
                0x080062d8                LTDC_IRQHandler
                0x080062d8                ETH_WKUP_IRQHandler
                0x080062d8                SPDIF_RX_IRQHandler
                0x080062d8                SPI2_IRQHandler
                0x080062d8                OTG_HS_EP1_IN_IRQHandler
                0x080062d8                DMA1_Stream0_IRQHandler
                0x080062d8                TIM24_IRQHandler
                0x080062d8                CRS_IRQHandler
                0x080062d8                EXTI4_IRQHandler
                0x080062d8                RNG_IRQHandler
                0x080062d8                FDCAN2_IT1_IRQHandler
                0x080062d8                ETH_IRQHandler
                0x080062d8                TIM1_UP_IRQHandler
                0x080062d8                BDMA_Channel4_IRQHandler
                0x080062d8                OTG_HS_EP1_OUT_IRQHandler
                0x080062d8                WWDG_IRQHandler
                0x080062d8                SPI6_IRQHandler
                0x080062d8                MDIOS_IRQHandler
                0x080062d8                I2C4_EV_IRQHandler
                0x080062d8                FDCAN2_IT0_IRQHandler
                0x080062d8                LPUART1_IRQHandler
                0x080062d8                FDCAN1_IT0_IRQHandler
                0x080062d8                TIM2_IRQHandler
                0x080062d8                OTG_HS_IRQHandler
                0x080062d8                DMA2D_IRQHandler
                0x080062d8                TIM1_BRK_IRQHandler
                0x080062d8                SDMMC2_IRQHandler
                0x080062d8                BDMA_Channel3_IRQHandler
                0x080062d8                DTS_IRQHandler
                0x080062d8                UART7_IRQHandler
                0x080062d8                MDIOS_WKUP_IRQHandler
                0x080062d8                USART2_IRQHandler
                0x080062d8                DFSDM1_FLT0_IRQHandler
                0x080062d8                SAI4_IRQHandler
                0x080062d8                I2C2_ER_IRQHandler
                0x080062d8                DMA2_Stream1_IRQHandler
                0x080062d8                FLASH_IRQHandler
                0x080062d8                DMA2_Stream4_IRQHandler
                0x080062d8                USART1_IRQHandler
                0x080062d8                SPI3_IRQHandler
                0x080062d8                WAKEUP_PIN_IRQHandler
                0x080062d8                DMA1_Stream4_IRQHandler
                0x080062d8                I2C1_ER_IRQHandler
                0x080062d8                FMC_IRQHandler
                0x080062d8                FDCAN_CAL_IRQHandler
                0x080062d8                SWPMI1_IRQHandler
                0x080062d8                COMP1_IRQHandler
                0x080062d8                LPTIM1_IRQHandler
                0x080062d8                DCMI_PSSI_IRQHandler
                0x080062d8                I2C4_ER_IRQHandler
                0x080062d8                DMA2_Stream6_IRQHandler
                0x080062d8                SAI1_IRQHandler
                0x080062d8                DMA1_Stream3_IRQHandler
 *fill*         0x080062da        0x2 
 .text.HAL_Init
                0x080062dc       0x78 ./Drivers/STM32H7xx_HAL_Driver/Src/stm32h7xx_hal.o
                0x080062dc                HAL_Init
 .text.HAL_InitTick
                0x08006354       0x6c ./Drivers/STM32H7xx_HAL_Driver/Src/stm32h7xx_hal.o
                0x08006354                HAL_InitTick
 .text.HAL_IncTick
                0x080063c0       0x28 ./Drivers/STM32H7xx_HAL_Driver/Src/stm32h7xx_hal.o
                0x080063c0                HAL_IncTick
 .text.HAL_GetTick
                0x080063e8       0x18 ./Drivers/STM32H7xx_HAL_Driver/Src/stm32h7xx_hal.o
                0x080063e8                HAL_GetTick
 .text.HAL_Delay
                0x08006400       0x48 ./Drivers/STM32H7xx_HAL_Driver/Src/stm32h7xx_hal.o
                0x08006400                HAL_Delay
 .text.__NVIC_SetPriorityGrouping
                0x08006448       0x48 ./Drivers/STM32H7xx_HAL_Driver/Src/stm32h7xx_hal_cortex.o
 .text.__NVIC_GetPriorityGrouping
                0x08006490       0x1c ./Drivers/STM32H7xx_HAL_Driver/Src/stm32h7xx_hal_cortex.o
 .text.__NVIC_EnableIRQ
                0x080064ac       0x3c ./Drivers/STM32H7xx_HAL_Driver/Src/stm32h7xx_hal_cortex.o
 .text.__NVIC_SetPriority
                0x080064e8       0x54 ./Drivers/STM32H7xx_HAL_Driver/Src/stm32h7xx_hal_cortex.o
 .text.NVIC_EncodePriority
                0x0800653c       0x66 ./Drivers/STM32H7xx_HAL_Driver/Src/stm32h7xx_hal_cortex.o
 *fill*         0x080065a2        0x2 
 .text.SysTick_Config
                0x080065a4       0x44 ./Drivers/STM32H7xx_HAL_Driver/Src/stm32h7xx_hal_cortex.o
 .text.HAL_NVIC_SetPriorityGrouping
                0x080065e8       0x16 ./Drivers/STM32H7xx_HAL_Driver/Src/stm32h7xx_hal_cortex.o
                0x080065e8                HAL_NVIC_SetPriorityGrouping
 .text.HAL_NVIC_SetPriority
                0x080065fe       0x34 ./Drivers/STM32H7xx_HAL_Driver/Src/stm32h7xx_hal_cortex.o
                0x080065fe                HAL_NVIC_SetPriority
 .text.HAL_NVIC_EnableIRQ
                0x08006632       0x1c ./Drivers/STM32H7xx_HAL_Driver/Src/stm32h7xx_hal_cortex.o
                0x08006632                HAL_NVIC_EnableIRQ
 .text.HAL_SYSTICK_Config
                0x0800664e       0x18 ./Drivers/STM32H7xx_HAL_Driver/Src/stm32h7xx_hal_cortex.o
                0x0800664e                HAL_SYSTICK_Config
 *fill*         0x08006666        0x2 
 .text.HAL_MPU_Disable
                0x08006668       0x30 ./Drivers/STM32H7xx_HAL_Driver/Src/stm32h7xx_hal_cortex.o
                0x08006668                HAL_MPU_Disable
 .text.HAL_MPU_Enable
                0x08006698       0x40 ./Drivers/STM32H7xx_HAL_Driver/Src/stm32h7xx_hal_cortex.o
                0x08006698                HAL_MPU_Enable
 .text.HAL_MPU_ConfigRegion
                0x080066d8       0x80 ./Drivers/STM32H7xx_HAL_Driver/Src/stm32h7xx_hal_cortex.o
                0x080066d8                HAL_MPU_ConfigRegion
 .text.HAL_GPIO_Init
                0x08006758      0x350 ./Drivers/STM32H7xx_HAL_Driver/Src/stm32h7xx_hal_gpio.o
                0x08006758                HAL_GPIO_Init
 .text.HAL_GPIO_WritePin
                0x08006aa8       0x32 ./Drivers/STM32H7xx_HAL_Driver/Src/stm32h7xx_hal_gpio.o
                0x08006aa8                HAL_GPIO_WritePin
 .text.HAL_GPIO_EXTI_IRQHandler
                0x08006ada       0x34 ./Drivers/STM32H7xx_HAL_Driver/Src/stm32h7xx_hal_gpio.o
                0x08006ada                HAL_GPIO_EXTI_IRQHandler
 *fill*         0x08006b0e        0x2 
 .text.HAL_I2C_Init
                0x08006b10      0x138 ./Drivers/STM32H7xx_HAL_Driver/Src/stm32h7xx_hal_i2c.o
                0x08006b10                HAL_I2C_Init
 .text.HAL_I2C_Mem_Write
                0x08006c48      0x228 ./Drivers/STM32H7xx_HAL_Driver/Src/stm32h7xx_hal_i2c.o
                0x08006c48                HAL_I2C_Mem_Write
 .text.HAL_I2C_Mem_Read
                0x08006e70      0x234 ./Drivers/STM32H7xx_HAL_Driver/Src/stm32h7xx_hal_i2c.o
                0x08006e70                HAL_I2C_Mem_Read
 .text.I2C_RequestMemoryWrite
                0x080070a4       0xa8 ./Drivers/STM32H7xx_HAL_Driver/Src/stm32h7xx_hal_i2c.o
 .text.I2C_RequestMemoryRead
                0x0800714c       0xa8 ./Drivers/STM32H7xx_HAL_Driver/Src/stm32h7xx_hal_i2c.o
 .text.I2C_Flush_TXDR
                0x080071f4       0x48 ./Drivers/STM32H7xx_HAL_Driver/Src/stm32h7xx_hal_i2c.o
 .text.I2C_WaitOnFlagUntilTimeout
                0x0800723c       0xb2 ./Drivers/STM32H7xx_HAL_Driver/Src/stm32h7xx_hal_i2c.o
 .text.I2C_WaitOnTXISFlagUntilTimeout
                0x080072ee       0x8e ./Drivers/STM32H7xx_HAL_Driver/Src/stm32h7xx_hal_i2c.o
 .text.I2C_WaitOnSTOPFlagUntilTimeout
                0x0800737c       0x86 ./Drivers/STM32H7xx_HAL_Driver/Src/stm32h7xx_hal_i2c.o
 *fill*         0x08007402        0x2 
 .text.I2C_IsErrorOccurred
                0x08007404      0x1c0 ./Drivers/STM32H7xx_HAL_Driver/Src/stm32h7xx_hal_i2c.o
 .text.I2C_TransferConfig
                0x080075c4       0x64 ./Drivers/STM32H7xx_HAL_Driver/Src/stm32h7xx_hal_i2c.o
 .text.HAL_I2CEx_ConfigAnalogFilter
                0x08007628       0x96 ./Drivers/STM32H7xx_HAL_Driver/Src/stm32h7xx_hal_i2c_ex.o
                0x08007628                HAL_I2CEx_ConfigAnalogFilter
 .text.HAL_I2CEx_ConfigDigitalFilter
                0x080076be       0x98 ./Drivers/STM32H7xx_HAL_Driver/Src/stm32h7xx_hal_i2c_ex.o
                0x080076be                HAL_I2CEx_ConfigDigitalFilter
 *fill*         0x08007756        0x2 
 .text.HAL_PWREx_ConfigSupply
                0x08007758       0x74 ./Drivers/STM32H7xx_HAL_Driver/Src/stm32h7xx_hal_pwr_ex.o
                0x08007758                HAL_PWREx_ConfigSupply
 .text.HAL_RCC_OscConfig
                0x080077cc      0x7b4 ./Drivers/STM32H7xx_HAL_Driver/Src/stm32h7xx_hal_rcc.o
                0x080077cc                HAL_RCC_OscConfig
 .text.HAL_RCC_ClockConfig
                0x08007f80      0x36c ./Drivers/STM32H7xx_HAL_Driver/Src/stm32h7xx_hal_rcc.o
                0x08007f80                HAL_RCC_ClockConfig
 .text.HAL_RCC_GetSysClockFreq
                0x080082ec      0x2f4 ./Drivers/STM32H7xx_HAL_Driver/Src/stm32h7xx_hal_rcc.o
                0x080082ec                HAL_RCC_GetSysClockFreq
 .text.HAL_RCCEx_PeriphCLKConfig
                0x080085e0     0x1340 ./Drivers/STM32H7xx_HAL_Driver/Src/stm32h7xx_hal_rcc_ex.o
                0x080085e0                HAL_RCCEx_PeriphCLKConfig
 .text.RCCEx_PLL2_Config
                0x08009920      0x164 ./Drivers/STM32H7xx_HAL_Driver/Src/stm32h7xx_hal_rcc_ex.o
 .text.RCCEx_PLL3_Config
                0x08009a84      0x164 ./Drivers/STM32H7xx_HAL_Driver/Src/stm32h7xx_hal_rcc_ex.o
 .text.HAL_SPI_Init
                0x08009be8      0x248 ./Drivers/STM32H7xx_HAL_Driver/Src/stm32h7xx_hal_spi.o
                0x08009be8                HAL_SPI_Init
 .text.HAL_SPI_Transmit
                0x08009e30      0x3dc ./Drivers/STM32H7xx_HAL_Driver/Src/stm32h7xx_hal_spi.o
                0x08009e30                HAL_SPI_Transmit
 .text.SPI_CloseTransfer
                0x0800a20c      0x140 ./Drivers/STM32H7xx_HAL_Driver/Src/stm32h7xx_hal_spi.o
 .text.SPI_WaitOnFlagUntilTimeout
                0x0800a34c       0x5c ./Drivers/STM32H7xx_HAL_Driver/Src/stm32h7xx_hal_spi.o
 .text.SPI_GetPacketSize
                0x0800a3a8       0x36 ./Drivers/STM32H7xx_HAL_Driver/Src/stm32h7xx_hal_spi.o
 .text.LL_ADC_REG_SetSequencerLength
                0x0800a3de       0x26 ./Drivers/STM32H7xx_HAL_Driver/Src/stm32h7xx_ll_adc.o
 .text.LL_ADC_IsEnabled
                0x0800a404       0x26 ./Drivers/STM32H7xx_HAL_Driver/Src/stm32h7xx_ll_adc.o
 *fill*         0x0800a42a        0x2 
 .text.LL_ADC_CommonInit
                0x0800a42c       0xb0 ./Drivers/STM32H7xx_HAL_Driver/Src/stm32h7xx_ll_adc.o
                0x0800a42c                LL_ADC_CommonInit
 .text.LL_ADC_Init
                0x0800a4dc       0xb0 ./Drivers/STM32H7xx_HAL_Driver/Src/stm32h7xx_ll_adc.o
                0x0800a4dc                LL_ADC_Init
 .text.LL_ADC_REG_Init
                0x0800a58c       0x94 ./Drivers/STM32H7xx_HAL_Driver/Src/stm32h7xx_ll_adc.o
                0x0800a58c                LL_ADC_REG_Init
 .text.LL_GPIO_SetPinMode
                0x0800a620       0x40 ./Drivers/STM32H7xx_HAL_Driver/Src/stm32h7xx_ll_gpio.o
 .text.LL_GPIO_SetPinOutputType
                0x0800a660       0x30 ./Drivers/STM32H7xx_HAL_Driver/Src/stm32h7xx_ll_gpio.o
 .text.LL_GPIO_SetPinSpeed
                0x0800a690       0x40 ./Drivers/STM32H7xx_HAL_Driver/Src/stm32h7xx_ll_gpio.o
 .text.LL_GPIO_SetPinPull
                0x0800a6d0       0x40 ./Drivers/STM32H7xx_HAL_Driver/Src/stm32h7xx_ll_gpio.o
 .text.LL_GPIO_SetAFPin_0_7
                0x0800a710       0x58 ./Drivers/STM32H7xx_HAL_Driver/Src/stm32h7xx_ll_gpio.o
 .text.LL_GPIO_SetAFPin_8_15
                0x0800a768       0x6c ./Drivers/STM32H7xx_HAL_Driver/Src/stm32h7xx_ll_gpio.o
 .text.LL_GPIO_Init
                0x0800a7d4       0xdc ./Drivers/STM32H7xx_HAL_Driver/Src/stm32h7xx_ll_gpio.o
                0x0800a7d4                LL_GPIO_Init
 .text.LL_TIM_SetPrescaler
                0x0800a8b0       0x1c ./Drivers/STM32H7xx_HAL_Driver/Src/stm32h7xx_ll_tim.o
 .text.LL_TIM_SetAutoReload
                0x0800a8cc       0x1c ./Drivers/STM32H7xx_HAL_Driver/Src/stm32h7xx_ll_tim.o
 .text.LL_TIM_SetRepetitionCounter
                0x0800a8e8       0x1c ./Drivers/STM32H7xx_HAL_Driver/Src/stm32h7xx_ll_tim.o
 .text.LL_TIM_OC_SetCompareCH1
                0x0800a904       0x1c ./Drivers/STM32H7xx_HAL_Driver/Src/stm32h7xx_ll_tim.o
 .text.LL_TIM_OC_SetCompareCH2
                0x0800a920       0x1c ./Drivers/STM32H7xx_HAL_Driver/Src/stm32h7xx_ll_tim.o
 .text.LL_TIM_OC_SetCompareCH3
                0x0800a93c       0x1c ./Drivers/STM32H7xx_HAL_Driver/Src/stm32h7xx_ll_tim.o
 .text.LL_TIM_OC_SetCompareCH4
                0x0800a958       0x1c ./Drivers/STM32H7xx_HAL_Driver/Src/stm32h7xx_ll_tim.o
 .text.LL_TIM_OC_SetCompareCH5
                0x0800a974       0x20 ./Drivers/STM32H7xx_HAL_Driver/Src/stm32h7xx_ll_tim.o
 .text.LL_TIM_OC_SetCompareCH6
                0x0800a994       0x1c ./Drivers/STM32H7xx_HAL_Driver/Src/stm32h7xx_ll_tim.o
 .text.LL_TIM_GenerateEvent_UPDATE
                0x0800a9b0       0x20 ./Drivers/STM32H7xx_HAL_Driver/Src/stm32h7xx_ll_tim.o
 .text.LL_TIM_Init
                0x0800a9d0      0x140 ./Drivers/STM32H7xx_HAL_Driver/Src/stm32h7xx_ll_tim.o
                0x0800a9d0                LL_TIM_Init
 .text.LL_TIM_OC_Init
                0x0800ab10       0xbe ./Drivers/STM32H7xx_HAL_Driver/Src/stm32h7xx_ll_tim.o
                0x0800ab10                LL_TIM_OC_Init
 *fill*         0x0800abce        0x2 
 .text.OC1Config
                0x0800abd0      0x100 ./Drivers/STM32H7xx_HAL_Driver/Src/stm32h7xx_ll_tim.o
 .text.OC2Config
                0x0800acd0      0x108 ./Drivers/STM32H7xx_HAL_Driver/Src/stm32h7xx_ll_tim.o
 .text.OC3Config
                0x0800add8      0x108 ./Drivers/STM32H7xx_HAL_Driver/Src/stm32h7xx_ll_tim.o
 .text.OC4Config
                0x0800aee0       0xd8 ./Drivers/STM32H7xx_HAL_Driver/Src/stm32h7xx_ll_tim.o
 .text.OC5Config
                0x0800afb8       0xc8 ./Drivers/STM32H7xx_HAL_Driver/Src/stm32h7xx_ll_tim.o
 .text.OC6Config
                0x0800b080       0xc8 ./Drivers/STM32H7xx_HAL_Driver/Src/stm32h7xx_ll_tim.o
 .text.memset   0x0800b148       0x10 /opt/stm32cubeide/plugins/com.st.stm32cube.ide.mcu.externaltools.gnu-tools-for-stm32.13.3.rel1.linux64_1.0.0.202410170706/tools/bin/../lib/gcc/arm-none-eabi/13.3.1/../../../../arm-none-eabi/lib/thumb/v7e-m+dp/hard/libc_nano.a(libc_a-memset.o)
                0x0800b148                memset
 .text.__libc_init_array
                0x0800b158       0x48 /opt/stm32cubeide/plugins/com.st.stm32cube.ide.mcu.externaltools.gnu-tools-for-stm32.13.3.rel1.linux64_1.0.0.202410170706/tools/bin/../lib/gcc/arm-none-eabi/13.3.1/../../../../arm-none-eabi/lib/thumb/v7e-m+dp/hard/libc_nano.a(libc_a-init.o)
                0x0800b158                __libc_init_array
 .text.memcpy   0x0800b1a0       0x1c /opt/stm32cubeide/plugins/com.st.stm32cube.ide.mcu.externaltools.gnu-tools-for-stm32.13.3.rel1.linux64_1.0.0.202410170706/tools/bin/../lib/gcc/arm-none-eabi/13.3.1/../../../../arm-none-eabi/lib/thumb/v7e-m+dp/hard/libc_nano.a(libc_a-memcpy-stub.o)
                0x0800b1a0                memcpy
 *(.glue_7)
 .glue_7        0x0800b1bc        0x0 linker stubs
 *(.glue_7t)
 .glue_7t       0x0800b1bc        0x0 linker stubs
 *(.eh_frame)
 .eh_frame      0x0800b1bc        0x0 /opt/stm32cubeide/plugins/com.st.stm32cube.ide.mcu.externaltools.gnu-tools-for-stm32.13.3.rel1.linux64_1.0.0.202410170706/tools/bin/../lib/gcc/arm-none-eabi/13.3.1/thumb/v7e-m+dp/hard/crtbegin.o
 *(.init)
 .init          0x0800b1bc        0x4 /opt/stm32cubeide/plugins/com.st.stm32cube.ide.mcu.externaltools.gnu-tools-for-stm32.13.3.rel1.linux64_1.0.0.202410170706/tools/bin/../lib/gcc/arm-none-eabi/13.3.1/thumb/v7e-m+dp/hard/crti.o
                0x0800b1bc                _init
 .init          0x0800b1c0        0x8 /opt/stm32cubeide/plugins/com.st.stm32cube.ide.mcu.externaltools.gnu-tools-for-stm32.13.3.rel1.linux64_1.0.0.202410170706/tools/bin/../lib/gcc/arm-none-eabi/13.3.1/thumb/v7e-m+dp/hard/crtn.o
 *(.fini)
 .fini          0x0800b1c8        0x4 /opt/stm32cubeide/plugins/com.st.stm32cube.ide.mcu.externaltools.gnu-tools-for-stm32.13.3.rel1.linux64_1.0.0.202410170706/tools/bin/../lib/gcc/arm-none-eabi/13.3.1/thumb/v7e-m+dp/hard/crti.o
                0x0800b1c8                _fini
 .fini          0x0800b1cc        0x8 /opt/stm32cubeide/plugins/com.st.stm32cube.ide.mcu.externaltools.gnu-tools-for-stm32.13.3.rel1.linux64_1.0.0.202410170706/tools/bin/../lib/gcc/arm-none-eabi/13.3.1/thumb/v7e-m+dp/hard/crtn.o
                0x0800b1d4                        . = ALIGN (0x4)
                0x0800b1d4                        _etext = .

.vfp11_veneer   0x0800b1d4        0x0
 .vfp11_veneer  0x0800b1d4        0x0 linker stubs

.v4_bx          0x0800b1d4        0x0
 .v4_bx         0x0800b1d4        0x0 linker stubs

.iplt           0x0800b1d4        0x0
 .iplt          0x0800b1d4        0x0 /opt/stm32cubeide/plugins/com.st.stm32cube.ide.mcu.externaltools.gnu-tools-for-stm32.13.3.rel1.linux64_1.0.0.202410170706/tools/bin/../lib/gcc/arm-none-eabi/13.3.1/thumb/v7e-m+dp/hard/crtbegin.o

.rodata         0x0800b1d4     0x273c
                0x0800b1d4                        . = ALIGN (0x4)
 *(.rodata)
 .rodata        0x0800b1d4       0x7b ./Core/Repo/Src/WaveShareDriver.o
 *(.rodata*)
 *fill*         0x0800b24f        0x1 
 .rodata._ZL12Font16_Table
                0x0800b250      0xbe0 ./Core/Repo/Src/WaveShareDriver.o
 .rodata._ZL12Font24_Table
                0x0800be30     0x1ab8 ./Core/Repo/Src/WaveShareDriver.o
 .rodata.OFFSET_TAB_CCMRx
                0x0800d8e8        0x9 ./Core/Src/main.o
 *fill*         0x0800d8f1        0x3 
 .rodata.SHIFT_TAB_OCxx
                0x0800d8f4        0x9 ./Core/Src/main.o
 *fill*         0x0800d8fd        0x3 
 .rodata.D1CorePrescTable
                0x0800d900       0x10 ./Core/Src/system_stm32h7xx.o
                0x0800d900                D1CorePrescTable
                0x0800d910                        . = ALIGN (0x4)

.ARM.extab
 *(.ARM.extab* .gnu.linkonce.armextab.*)

.ARM            0x0800d910        0x0
                0x0800d910                        __exidx_start = .
 *(.ARM.exidx*)
                0x0800d910                        __exidx_end = .

.preinit_array  0x0800d910        0x0
                0x0800d910                        PROVIDE (__preinit_array_start = .)
 *(.preinit_array*)
                0x0800d910                        PROVIDE (__preinit_array_end = .)

.init_array     0x0800d910        0x4
                0x0800d910                        PROVIDE (__init_array_start = .)
 *(SORT_BY_NAME(.init_array.*))
 *(.init_array*)
 .init_array    0x0800d910        0x4 /opt/stm32cubeide/plugins/com.st.stm32cube.ide.mcu.externaltools.gnu-tools-for-stm32.13.3.rel1.linux64_1.0.0.202410170706/tools/bin/../lib/gcc/arm-none-eabi/13.3.1/thumb/v7e-m+dp/hard/crtbegin.o
                0x0800d914                        PROVIDE (__init_array_end = .)

.fini_array     0x0800d914        0x4
                [!provide]                        PROVIDE (__fini_array_start = .)
 *(SORT_BY_NAME(.fini_array.*))
 *(.fini_array*)
 .fini_array    0x0800d914        0x4 /opt/stm32cubeide/plugins/com.st.stm32cube.ide.mcu.externaltools.gnu-tools-for-stm32.13.3.rel1.linux64_1.0.0.202410170706/tools/bin/../lib/gcc/arm-none-eabi/13.3.1/thumb/v7e-m+dp/hard/crtbegin.o
                [!provide]                        PROVIDE (__fini_array_end = .)
                0x0800d918                        _sidata = LOADADDR (.data)

.rel.dyn        0x0800d918        0x0
 .rel.iplt      0x0800d918        0x0 /opt/stm32cubeide/plugins/com.st.stm32cube.ide.mcu.externaltools.gnu-tools-for-stm32.13.3.rel1.linux64_1.0.0.202410170706/tools/bin/../lib/gcc/arm-none-eabi/13.3.1/thumb/v7e-m+dp/hard/crtbegin.o

.data           0x24000000       0x18 load address 0x0800d918
                0x24000000                        . = ALIGN (0x4)
                0x24000000                        _sdata = .
 *(.data)
 *(.data*)
 .data.FontDetails
                0x24000000        0x4 ./Core/Repo/Src/WaveShareDriver.o
 .data._ZZN9WaveShare10showScreenE6ScreenhE12currentSpeed
                0x24000004        0x1 ./Core/Repo/Src/WaveShareDriver.o
 *fill*         0x24000005        0x3 
 .data.SystemCoreClock
                0x24000008        0x4 ./Core/Src/system_stm32h7xx.o
                0x24000008                SystemCoreClock
 .data.SystemD2Clock
                0x2400000c        0x4 ./Core/Src/system_stm32h7xx.o
                0x2400000c                SystemD2Clock
 .data.uwTickPrio
                0x24000010        0x4 ./Drivers/STM32H7xx_HAL_Driver/Src/stm32h7xx_hal.o
                0x24000010                uwTickPrio
 .data.uwTickFreq
                0x24000014        0x1 ./Drivers/STM32H7xx_HAL_Driver/Src/stm32h7xx_hal.o
                0x24000014                uwTickFreq
 *(.RamFunc)
 *(.RamFunc*)
                0x24000018                        . = ALIGN (0x4)
 *fill*         0x24000015        0x3 
                0x24000018                        _edata = .

.igot.plt       0x24000018        0x0 load address 0x0800d930
 .igot.plt      0x24000018        0x0 /opt/stm32cubeide/plugins/com.st.stm32cube.ide.mcu.externaltools.gnu-tools-for-stm32.13.3.rel1.linux64_1.0.0.202410170706/tools/bin/../lib/gcc/arm-none-eabi/13.3.1/thumb/v7e-m+dp/hard/crtbegin.o
                0x24000018                        . = ALIGN (0x4)

.bss            0x24000018      0x254 load address 0x0800d930
                0x24000018                        _sbss = .
                0x24000018                        __bss_start__ = _sbss
 *(.bss)
 .bss           0x24000018       0x1c /opt/stm32cubeide/plugins/com.st.stm32cube.ide.mcu.externaltools.gnu-tools-for-stm32.13.3.rel1.linux64_1.0.0.202410170706/tools/bin/../lib/gcc/arm-none-eabi/13.3.1/thumb/v7e-m+dp/hard/crtbegin.o
 *(.bss*)
 .bss.directionReadings
                0x24000034        0x1 ./Core/Repo/Src/Sumo_Robot.o
                0x24000034                directionReadings
 .bss._ZZN10Sumo_Robot14RunPhaseUpdateEvE14enterSearching
                0x24000035        0x1 ./Core/Repo/Src/Sumo_Robot.o
 .bss._ZZN10Sumo_Robot14RunPhaseUpdateEvE16previousReadings
                0x24000036        0x1 ./Core/Repo/Src/Sumo_Robot.o
 .bss.SloppyTopEstopFlag
                0x24000037        0x1 ./Core/Repo/Src/cpp_main.o
                0x24000037                SloppyTopEstopFlag
 .bss.initialEstopCheckFlag
                0x24000038        0x1 ./Core/Repo/Src/cpp_main.o
                0x24000038                initialEstopCheckFlag
 *fill*         0x24000039        0x3 
 .bss.hi2c1     0x2400003c       0x54 ./Core/Src/main.o
                0x2400003c                hi2c1
 .bss.hi2c2     0x24000090       0x54 ./Core/Src/main.o
                0x24000090                hi2c2
 .bss.hi2c3     0x240000e4       0x54 ./Core/Src/main.o
                0x240000e4                hi2c3
 .bss.hi2c4     0x24000138       0x54 ./Core/Src/main.o
                0x24000138                hi2c4
 .bss.hi2c5     0x2400018c       0x54 ./Core/Src/main.o
                0x2400018c                hi2c5
 .bss.hspi1     0x240001e0       0x88 ./Core/Src/main.o
                0x240001e0                hspi1
 .bss.uwTick    0x24000268        0x4 ./Drivers/STM32H7xx_HAL_Driver/Src/stm32h7xx_hal.o
                0x24000268                uwTick
 *(COMMON)
                0x2400026c                        . = ALIGN (0x4)
                0x2400026c                        _ebss = .
                0x2400026c                        __bss_end__ = _ebss

._user_heap_stack
                0x2400026c      0x604 load address 0x0800d930
                0x24000270                        . = ALIGN (0x8)
 *fill*         0x2400026c        0x4 
                [!provide]                        PROVIDE (end = .)
                0x24000270                        PROVIDE (_end = .)
                0x24000470                        . = (. + _Min_Heap_Size)
 *fill*         0x24000270      0x200 
                0x24000870                        . = (. + _Min_Stack_Size)
 *fill*         0x24000470      0x400 
                0x24000870                        . = ALIGN (0x8)

/DISCARD/
 libc.a(*)
 libm.a(*)
 libgcc.a(*)

.ARM.attributes
                0x00000000       0x2e
 *(.ARM.attributes)
 .ARM.attributes
                0x00000000       0x20 /opt/stm32cubeide/plugins/com.st.stm32cube.ide.mcu.externaltools.gnu-tools-for-stm32.13.3.rel1.linux64_1.0.0.202410170706/tools/bin/../lib/gcc/arm-none-eabi/13.3.1/thumb/v7e-m+dp/hard/crti.o
 .ARM.attributes
                0x00000020       0x32 /opt/stm32cubeide/plugins/com.st.stm32cube.ide.mcu.externaltools.gnu-tools-for-stm32.13.3.rel1.linux64_1.0.0.202410170706/tools/bin/../lib/gcc/arm-none-eabi/13.3.1/thumb/v7e-m+dp/hard/crtbegin.o
 .ARM.attributes
                0x00000052       0x32 ./Core/Repo/Src/ESC_Driver.o
 .ARM.attributes
                0x00000084       0x32 ./Core/Repo/Src/Sumo_Robot.o
 .ARM.attributes
                0x000000b6       0x32 ./Core/Repo/Src/VL53L0X.o
 .ARM.attributes
                0x000000e8       0x32 ./Core/Repo/Src/WaveShareDriver.o
 .ARM.attributes
                0x0000011a       0x32 ./Core/Repo/Src/btn_matrix.o
 .ARM.attributes
                0x0000014c       0x32 ./Core/Repo/Src/cpp_main.o
 .ARM.attributes
                0x0000017e       0x32 ./Core/Src/main.o
 .ARM.attributes
                0x000001b0       0x32 ./Core/Src/stm32h7xx_hal_msp.o
 .ARM.attributes
                0x000001e2       0x32 ./Core/Src/stm32h7xx_it.o
 .ARM.attributes
                0x00000214       0x32 ./Core/Src/system_stm32h7xx.o
 .ARM.attributes
                0x00000246       0x21 ./Core/Startup/startup_stm32h723zgtx.o
 .ARM.attributes
                0x00000267       0x32 ./Drivers/STM32H7xx_HAL_Driver/Src/stm32h7xx_hal.o
 .ARM.attributes
                0x00000299       0x32 ./Drivers/STM32H7xx_HAL_Driver/Src/stm32h7xx_hal_cortex.o
 .ARM.attributes
                0x000002cb       0x32 ./Drivers/STM32H7xx_HAL_Driver/Src/stm32h7xx_hal_gpio.o
 .ARM.attributes
                0x000002fd       0x32 ./Drivers/STM32H7xx_HAL_Driver/Src/stm32h7xx_hal_i2c.o
 .ARM.attributes
                0x0000032f       0x32 ./Drivers/STM32H7xx_HAL_Driver/Src/stm32h7xx_hal_i2c_ex.o
 .ARM.attributes
                0x00000361       0x32 ./Drivers/STM32H7xx_HAL_Driver/Src/stm32h7xx_hal_pwr_ex.o
 .ARM.attributes
                0x00000393       0x32 ./Drivers/STM32H7xx_HAL_Driver/Src/stm32h7xx_hal_rcc.o
 .ARM.attributes
                0x000003c5       0x32 ./Drivers/STM32H7xx_HAL_Driver/Src/stm32h7xx_hal_rcc_ex.o
 .ARM.attributes
                0x000003f7       0x32 ./Drivers/STM32H7xx_HAL_Driver/Src/stm32h7xx_hal_spi.o
 .ARM.attributes
                0x00000429       0x32 ./Drivers/STM32H7xx_HAL_Driver/Src/stm32h7xx_ll_adc.o
 .ARM.attributes
                0x0000045b       0x32 ./Drivers/STM32H7xx_HAL_Driver/Src/stm32h7xx_ll_gpio.o
 .ARM.attributes
                0x0000048d       0x32 ./Drivers/STM32H7xx_HAL_Driver/Src/stm32h7xx_ll_tim.o
 .ARM.attributes
                0x000004bf       0x32 /opt/stm32cubeide/plugins/com.st.stm32cube.ide.mcu.externaltools.gnu-tools-for-stm32.13.3.rel1.linux64_1.0.0.202410170706/tools/bin/../lib/gcc/arm-none-eabi/13.3.1/../../../../arm-none-eabi/lib/thumb/v7e-m+dp/hard/libc_nano.a(libc_a-memset.o)
 .ARM.attributes
                0x000004f1       0x32 /opt/stm32cubeide/plugins/com.st.stm32cube.ide.mcu.externaltools.gnu-tools-for-stm32.13.3.rel1.linux64_1.0.0.202410170706/tools/bin/../lib/gcc/arm-none-eabi/13.3.1/../../../../arm-none-eabi/lib/thumb/v7e-m+dp/hard/libc_nano.a(libc_a-init.o)
 .ARM.attributes
                0x00000523       0x32 /opt/stm32cubeide/plugins/com.st.stm32cube.ide.mcu.externaltools.gnu-tools-for-stm32.13.3.rel1.linux64_1.0.0.202410170706/tools/bin/../lib/gcc/arm-none-eabi/13.3.1/../../../../arm-none-eabi/lib/thumb/v7e-m+dp/hard/libc_nano.a(libc_a-memcpy-stub.o)
 .ARM.attributes
                0x00000555       0x20 /opt/stm32cubeide/plugins/com.st.stm32cube.ide.mcu.externaltools.gnu-tools-for-stm32.13.3.rel1.linux64_1.0.0.202410170706/tools/bin/../lib/gcc/arm-none-eabi/13.3.1/thumb/v7e-m+dp/hard/crtn.o
OUTPUT(sumo.elf elf32-littlearm)
LOAD linker stubs
LOAD /opt/stm32cubeide/plugins/com.st.stm32cube.ide.mcu.externaltools.gnu-tools-for-stm32.13.3.rel1.linux64_1.0.0.202410170706/tools/bin/../lib/gcc/arm-none-eabi/13.3.1/../../../../arm-none-eabi/lib/thumb/v7e-m+dp/hard/libc.a
LOAD /opt/stm32cubeide/plugins/com.st.stm32cube.ide.mcu.externaltools.gnu-tools-for-stm32.13.3.rel1.linux64_1.0.0.202410170706/tools/bin/../lib/gcc/arm-none-eabi/13.3.1/../../../../arm-none-eabi/lib/thumb/v7e-m+dp/hard/libm.a
LOAD /opt/stm32cubeide/plugins/com.st.stm32cube.ide.mcu.externaltools.gnu-tools-for-stm32.13.3.rel1.linux64_1.0.0.202410170706/tools/bin/../lib/gcc/arm-none-eabi/13.3.1/thumb/v7e-m+dp/hard/libgcc.a

.debug_info     0x00000000    0x2172f
 .debug_info    0x00000000     0x18e2 ./Core/Repo/Src/ESC_Driver.o
 .debug_info    0x000018e2     0x376e ./Core/Repo/Src/Sumo_Robot.o
 .debug_info    0x00005050     0x2dda ./Core/Repo/Src/VL53L0X.o
 .debug_info    0x00007e2a     0x2767 ./Core/Repo/Src/WaveShareDriver.o
 .debug_info    0x0000a591     0x19c5 ./Core/Repo/Src/btn_matrix.o
 .debug_info    0x0000bf56     0x34c0 ./Core/Repo/Src/cpp_main.o
 .debug_info    0x0000f416     0x3062 ./Core/Src/main.o
 .debug_info    0x00012478     0x15a1 ./Core/Src/stm32h7xx_hal_msp.o
 .debug_info    0x00013a19      0x22e ./Core/Src/stm32h7xx_it.o
 .debug_info    0x00013c47      0xbf0 ./Core/Src/system_stm32h7xx.o
 .debug_info    0x00014837       0x30 ./Core/Startup/startup_stm32h723zgtx.o
 .debug_info    0x00014867     0x1698 ./Drivers/STM32H7xx_HAL_Driver/Src/stm32h7xx_hal.o
 .debug_info    0x00015eff     0x10a5 ./Drivers/STM32H7xx_HAL_Driver/Src/stm32h7xx_hal_cortex.o
 .debug_info    0x00016fa4      0xc6b ./Drivers/STM32H7xx_HAL_Driver/Src/stm32h7xx_hal_gpio.o
 .debug_info    0x00017c0f     0x22c9 ./Drivers/STM32H7xx_HAL_Driver/Src/stm32h7xx_hal_i2c.o
 .debug_info    0x00019ed8      0xd95 ./Drivers/STM32H7xx_HAL_Driver/Src/stm32h7xx_hal_i2c_ex.o
 .debug_info    0x0001ac6d      0xdce ./Drivers/STM32H7xx_HAL_Driver/Src/stm32h7xx_hal_pwr_ex.o
 .debug_info    0x0001ba3b      0xd82 ./Drivers/STM32H7xx_HAL_Driver/Src/stm32h7xx_hal_rcc.o
 .debug_info    0x0001c7bd     0x120b ./Drivers/STM32H7xx_HAL_Driver/Src/stm32h7xx_hal_rcc_ex.o
 .debug_info    0x0001d9c8     0x144a ./Drivers/STM32H7xx_HAL_Driver/Src/stm32h7xx_hal_spi.o
 .debug_info    0x0001ee12      0xd41 ./Drivers/STM32H7xx_HAL_Driver/Src/stm32h7xx_ll_adc.o
 .debug_info    0x0001fb53      0x8a9 ./Drivers/STM32H7xx_HAL_Driver/Src/stm32h7xx_ll_gpio.o
 .debug_info    0x000203fc     0x1333 ./Drivers/STM32H7xx_HAL_Driver/Src/stm32h7xx_ll_tim.o

.debug_abbrev   0x00000000     0x3b52
 .debug_abbrev  0x00000000      0x2c7 ./Core/Repo/Src/ESC_Driver.o
 .debug_abbrev  0x000002c7      0x45d ./Core/Repo/Src/Sumo_Robot.o
 .debug_abbrev  0x00000724      0x428 ./Core/Repo/Src/VL53L0X.o
 .debug_abbrev  0x00000b4c      0x41a ./Core/Repo/Src/WaveShareDriver.o
 .debug_abbrev  0x00000f66      0x2fe ./Core/Repo/Src/btn_matrix.o
 .debug_abbrev  0x00001264      0x3be ./Core/Repo/Src/cpp_main.o
 .debug_abbrev  0x00001622      0x3eb ./Core/Src/main.o
 .debug_abbrev  0x00001a0d      0x24e ./Core/Src/stm32h7xx_hal_msp.o
 .debug_abbrev  0x00001c5b       0xcb ./Core/Src/stm32h7xx_it.o
 .debug_abbrev  0x00001d26      0x153 ./Core/Src/system_stm32h7xx.o
 .debug_abbrev  0x00001e79       0x24 ./Core/Startup/startup_stm32h723zgtx.o
 .debug_abbrev  0x00001e9d      0x29e ./Drivers/STM32H7xx_HAL_Driver/Src/stm32h7xx_hal.o
 .debug_abbrev  0x0000213b      0x339 ./Drivers/STM32H7xx_HAL_Driver/Src/stm32h7xx_hal_cortex.o
 .debug_abbrev  0x00002474      0x205 ./Drivers/STM32H7xx_HAL_Driver/Src/stm32h7xx_hal_gpio.o
 .debug_abbrev  0x00002679      0x25d ./Drivers/STM32H7xx_HAL_Driver/Src/stm32h7xx_hal_i2c.o
 .debug_abbrev  0x000028d6      0x1f5 ./Drivers/STM32H7xx_HAL_Driver/Src/stm32h7xx_hal_i2c_ex.o
 .debug_abbrev  0x00002acb      0x295 ./Drivers/STM32H7xx_HAL_Driver/Src/stm32h7xx_hal_pwr_ex.o
 .debug_abbrev  0x00002d60      0x2b1 ./Drivers/STM32H7xx_HAL_Driver/Src/stm32h7xx_hal_rcc.o
 .debug_abbrev  0x00003011      0x269 ./Drivers/STM32H7xx_HAL_Driver/Src/stm32h7xx_hal_rcc_ex.o
 .debug_abbrev  0x0000327a      0x2b1 ./Drivers/STM32H7xx_HAL_Driver/Src/stm32h7xx_hal_spi.o
 .debug_abbrev  0x0000352b      0x1c7 ./Drivers/STM32H7xx_HAL_Driver/Src/stm32h7xx_ll_adc.o
 .debug_abbrev  0x000036f2      0x231 ./Drivers/STM32H7xx_HAL_Driver/Src/stm32h7xx_ll_gpio.o
 .debug_abbrev  0x00003923      0x22f ./Drivers/STM32H7xx_HAL_Driver/Src/stm32h7xx_ll_tim.o

.debug_aranges  0x00000000     0x1240
 .debug_aranges
                0x00000000       0x28 ./Core/Repo/Src/ESC_Driver.o
 .debug_aranges
                0x00000028       0x68 ./Core/Repo/Src/Sumo_Robot.o
 .debug_aranges
                0x00000090      0x120 ./Core/Repo/Src/VL53L0X.o
 .debug_aranges
                0x000001b0       0x80 ./Core/Repo/Src/WaveShareDriver.o
 .debug_aranges
                0x00000230       0x68 ./Core/Repo/Src/btn_matrix.o
 .debug_aranges
                0x00000298       0x30 ./Core/Repo/Src/cpp_main.o
 .debug_aranges
                0x000002c8      0x128 ./Core/Src/main.o
 .debug_aranges
                0x000003f0       0x40 ./Core/Src/stm32h7xx_hal_msp.o
 .debug_aranges
                0x00000430       0x78 ./Core/Src/stm32h7xx_it.o
 .debug_aranges
                0x000004a8       0x30 ./Core/Src/system_stm32h7xx.o
 .debug_aranges
                0x000004d8       0x28 ./Core/Startup/startup_stm32h723zgtx.o
 .debug_aranges
                0x00000500      0x1c8 ./Drivers/STM32H7xx_HAL_Driver/Src/stm32h7xx_hal.o
 .debug_aranges
                0x000006c8      0x130 ./Drivers/STM32H7xx_HAL_Driver/Src/stm32h7xx_hal_cortex.o
 .debug_aranges
                0x000007f8       0x58 ./Drivers/STM32H7xx_HAL_Driver/Src/stm32h7xx_hal_gpio.o
 .debug_aranges
                0x00000850      0x2a0 ./Drivers/STM32H7xx_HAL_Driver/Src/stm32h7xx_hal_i2c.o
 .debug_aranges
                0x00000af0       0x48 ./Drivers/STM32H7xx_HAL_Driver/Src/stm32h7xx_hal_i2c_ex.o
 .debug_aranges
                0x00000b38      0x148 ./Drivers/STM32H7xx_HAL_Driver/Src/stm32h7xx_hal_pwr_ex.o
 .debug_aranges
                0x00000c80       0x88 ./Drivers/STM32H7xx_HAL_Driver/Src/stm32h7xx_hal_rcc.o
 .debug_aranges
                0x00000d08       0xf8 ./Drivers/STM32H7xx_HAL_Driver/Src/stm32h7xx_hal_rcc_ex.o
 .debug_aranges
                0x00000e00      0x1a8 ./Drivers/STM32H7xx_HAL_Driver/Src/stm32h7xx_hal_spi.o
 .debug_aranges
                0x00000fa8       0xe0 ./Drivers/STM32H7xx_HAL_Driver/Src/stm32h7xx_ll_adc.o
 .debug_aranges
                0x00001088       0x70 ./Drivers/STM32H7xx_HAL_Driver/Src/stm32h7xx_ll_gpio.o
 .debug_aranges
                0x000010f8      0x148 ./Drivers/STM32H7xx_HAL_Driver/Src/stm32h7xx_ll_tim.o

.debug_rnglists
                0x00000000      0xe71
 .debug_rnglists
                0x00000000       0x1a ./Core/Repo/Src/ESC_Driver.o
 .debug_rnglists
                0x0000001a       0xcf ./Core/Repo/Src/Sumo_Robot.o
 .debug_rnglists
                0x000000e9       0xdd ./Core/Repo/Src/VL53L0X.o
 .debug_rnglists
                0x000001c6       0x70 ./Core/Repo/Src/WaveShareDriver.o
 .debug_rnglists
                0x00000236       0x4b ./Core/Repo/Src/btn_matrix.o
 .debug_rnglists
                0x00000281       0x1f ./Core/Repo/Src/cpp_main.o
 .debug_rnglists
                0x000002a0       0xe6 ./Core/Src/main.o
 .debug_rnglists
                0x00000386       0x2e ./Core/Src/stm32h7xx_hal_msp.o
 .debug_rnglists
                0x000003b4       0x55 ./Core/Src/stm32h7xx_it.o
 .debug_rnglists
                0x00000409       0x21 ./Core/Src/system_stm32h7xx.o
 .debug_rnglists
                0x0000042a       0x19 ./Core/Startup/startup_stm32h723zgtx.o
 .debug_rnglists
                0x00000443      0x155 ./Drivers/STM32H7xx_HAL_Driver/Src/stm32h7xx_hal.o
 .debug_rnglists
                0x00000598       0xe0 ./Drivers/STM32H7xx_HAL_Driver/Src/stm32h7xx_hal_cortex.o
 .debug_rnglists
                0x00000678       0x3f ./Drivers/STM32H7xx_HAL_Driver/Src/stm32h7xx_hal_gpio.o
 .debug_rnglists
                0x000006b7      0x22a ./Drivers/STM32H7xx_HAL_Driver/Src/stm32h7xx_hal_i2c.o
 .debug_rnglists
                0x000008e1       0x35 ./Drivers/STM32H7xx_HAL_Driver/Src/stm32h7xx_hal_i2c_ex.o
 .debug_rnglists
                0x00000916       0xf5 ./Drivers/STM32H7xx_HAL_Driver/Src/stm32h7xx_hal_pwr_ex.o
 .debug_rnglists
                0x00000a0b       0x68 ./Drivers/STM32H7xx_HAL_Driver/Src/stm32h7xx_hal_rcc.o
 .debug_rnglists
                0x00000a73       0xc0 ./Drivers/STM32H7xx_HAL_Driver/Src/stm32h7xx_hal_rcc_ex.o
 .debug_rnglists
                0x00000b33      0x148 ./Drivers/STM32H7xx_HAL_Driver/Src/stm32h7xx_hal_spi.o
 .debug_rnglists
                0x00000c7b       0xa7 ./Drivers/STM32H7xx_HAL_Driver/Src/stm32h7xx_ll_adc.o
 .debug_rnglists
                0x00000d22       0x51 ./Drivers/STM32H7xx_HAL_Driver/Src/stm32h7xx_ll_gpio.o
 .debug_rnglists
                0x00000d73       0xfe ./Drivers/STM32H7xx_HAL_Driver/Src/stm32h7xx_ll_tim.o

.debug_macro    0x00000000    0x3d187
 .debug_macro   0x00000000      0x3e2 ./Core/Repo/Src/ESC_Driver.o
 .debug_macro   0x000003e2      0xbd4 ./Core/Repo/Src/ESC_Driver.o
 .debug_macro   0x00000fb6       0x1c ./Core/Repo/Src/ESC_Driver.o
 .debug_macro   0x00000fd2       0x22 ./Core/Repo/Src/ESC_Driver.o
 .debug_macro   0x00000ff4       0x8e ./Core/Repo/Src/ESC_Driver.o
 .debug_macro   0x00001082       0x51 ./Core/Repo/Src/ESC_Driver.o
 .debug_macro   0x000010d3      0x103 ./Core/Repo/Src/ESC_Driver.o
 .debug_macro   0x000011d6       0x6a ./Core/Repo/Src/ESC_Driver.o
 .debug_macro   0x00001240      0x1df ./Core/Repo/Src/ESC_Driver.o
 .debug_macro   0x0000141f      0x232 ./Core/Repo/Src/ESC_Driver.o
 .debug_macro   0x00001651       0x2e ./Core/Repo/Src/ESC_Driver.o
 .debug_macro   0x0000167f       0x3b ./Core/Repo/Src/ESC_Driver.o
 .debug_macro   0x000016ba       0x1c ./Core/Repo/Src/ESC_Driver.o
 .debug_macro   0x000016d6       0x22 ./Core/Repo/Src/ESC_Driver.o
 .debug_macro   0x000016f8       0xfb ./Core/Repo/Src/ESC_Driver.o
 .debug_macro   0x000017f3     0x1305 ./Core/Repo/Src/ESC_Driver.o
 .debug_macro   0x00002af8      0x11f ./Core/Repo/Src/ESC_Driver.o
 .debug_macro   0x00002c17       0x27 ./Core/Repo/Src/ESC_Driver.o
 .debug_macro   0x00002c3e    0x216c1 ./Core/Repo/Src/ESC_Driver.o
 .debug_macro   0x000242ff       0x6d ./Core/Repo/Src/ESC_Driver.o
 .debug_macro   0x0002436c     0x3d64 ./Core/Repo/Src/ESC_Driver.o
 .debug_macro   0x000280d0      0x197 ./Core/Repo/Src/ESC_Driver.o
 .debug_macro   0x00028267      0x1f2 ./Core/Repo/Src/ESC_Driver.o
 .debug_macro   0x00028459       0x10 ./Core/Repo/Src/ESC_Driver.o
 .debug_macro   0x00028469      0x409 ./Core/Repo/Src/ESC_Driver.o
 .debug_macro   0x00028872       0x18 ./Core/Repo/Src/ESC_Driver.o
 .debug_macro   0x0002888a       0x61 ./Core/Repo/Src/ESC_Driver.o
 .debug_macro   0x000288eb       0x29 ./Core/Repo/Src/ESC_Driver.o
 .debug_macro   0x00028914       0x43 ./Core/Repo/Src/ESC_Driver.o
 .debug_macro   0x00028957       0x34 ./Core/Repo/Src/ESC_Driver.o
 .debug_macro   0x0002898b      0x38c ./Core/Repo/Src/ESC_Driver.o
 .debug_macro   0x00028d17       0x16 ./Core/Repo/Src/ESC_Driver.o
 .debug_macro   0x00028d2d       0x4a ./Core/Repo/Src/ESC_Driver.o
 .debug_macro   0x00028d77       0x34 ./Core/Repo/Src/ESC_Driver.o
 .debug_macro   0x00028dab       0x10 ./Core/Repo/Src/ESC_Driver.o
 .debug_macro   0x00028dbb       0x58 ./Core/Repo/Src/ESC_Driver.o
 .debug_macro   0x00028e13       0x8e ./Core/Repo/Src/ESC_Driver.o
 .debug_macro   0x00028ea1       0x16 ./Core/Repo/Src/ESC_Driver.o
 .debug_macro   0x00028eb7      0x185 ./Core/Repo/Src/ESC_Driver.o
 .debug_macro   0x0002903c      0x194 ./Core/Repo/Src/ESC_Driver.o
 .debug_macro   0x000291d0       0x10 ./Core/Repo/Src/ESC_Driver.o
 .debug_macro   0x000291e0       0x16 ./Core/Repo/Src/ESC_Driver.o
 .debug_macro   0x000291f6       0x3c ./Core/Repo/Src/ESC_Driver.o
 .debug_macro   0x00029232       0x16 ./Core/Repo/Src/ESC_Driver.o
 .debug_macro   0x00029248       0x29 ./Core/Repo/Src/ESC_Driver.o
 .debug_macro   0x00029271       0x10 ./Core/Repo/Src/ESC_Driver.o
 .debug_macro   0x00029281      0x3c7 ./Core/Repo/Src/ESC_Driver.o
 .debug_macro   0x00029648       0x5d ./Core/Repo/Src/ESC_Driver.o
 .debug_macro   0x000296a5     0x2462 ./Core/Repo/Src/ESC_Driver.o
 .debug_macro   0x0002bb07     0x1079 ./Core/Repo/Src/ESC_Driver.o
 .debug_macro   0x0002cb80      0x154 ./Core/Repo/Src/ESC_Driver.o
 .debug_macro   0x0002ccd4      0x114 ./Core/Repo/Src/ESC_Driver.o
 .debug_macro   0x0002cde8      0x3fc ./Core/Repo/Src/ESC_Driver.o
 .debug_macro   0x0002d1e4       0xac ./Core/Repo/Src/ESC_Driver.o
 .debug_macro   0x0002d290      0x788 ./Core/Repo/Src/ESC_Driver.o
 .debug_macro   0x0002da18      0x228 ./Core/Repo/Src/ESC_Driver.o
 .debug_macro   0x0002dc40       0x66 ./Core/Repo/Src/ESC_Driver.o
 .debug_macro   0x0002dca6      0x3a6 ./Core/Repo/Src/ESC_Driver.o
 .debug_macro   0x0002e04c      0x3f9 ./Core/Repo/Src/ESC_Driver.o
 .debug_macro   0x0002e445      0x275 ./Core/Repo/Src/ESC_Driver.o
 .debug_macro   0x0002e6ba      0x3ca ./Core/Repo/Src/ESC_Driver.o
 .debug_macro   0x0002ea84      0x45c ./Core/Repo/Src/ESC_Driver.o
 .debug_macro   0x0002eee0       0x3c ./Core/Repo/Src/ESC_Driver.o
 .debug_macro   0x0002ef1c       0x4a ./Core/Repo/Src/ESC_Driver.o
 .debug_macro   0x0002ef66      0x22c ./Core/Repo/Src/ESC_Driver.o
 .debug_macro   0x0002f192       0x67 ./Core/Repo/Src/ESC_Driver.o
 .debug_macro   0x0002f1f9       0xa5 ./Core/Repo/Src/ESC_Driver.o
 .debug_macro   0x0002f29e      0x1c4 ./Core/Repo/Src/ESC_Driver.o
 .debug_macro   0x0002f462      0x22a ./Core/Repo/Src/ESC_Driver.o
 .debug_macro   0x0002f68c       0x35 ./Core/Repo/Src/ESC_Driver.o
 .debug_macro   0x0002f6c1      0x5e4 ./Core/Repo/Src/ESC_Driver.o
 .debug_macro   0x0002fca5       0xc1 ./Core/Repo/Src/ESC_Driver.o
 .debug_macro   0x0002fd66      0x5f2 ./Core/Repo/Src/ESC_Driver.o
 .debug_macro   0x00030358     0x1178 ./Core/Repo/Src/ESC_Driver.o
 .debug_macro   0x000314d0      0xaa3 ./Core/Repo/Src/ESC_Driver.o
 .debug_macro   0x00031f73      0x351 ./Core/Repo/Src/ESC_Driver.o
 .debug_macro   0x000322c4      0x1e0 ./Core/Repo/Src/ESC_Driver.o
 .debug_macro   0x000324a4      0x9b3 ./Core/Repo/Src/ESC_Driver.o
 .debug_macro   0x00032e57      0x3bb ./Core/Repo/Src/ESC_Driver.o
 .debug_macro   0x00033212       0x77 ./Core/Repo/Src/ESC_Driver.o
 .debug_macro   0x00033289      0x1d0 ./Core/Repo/Src/ESC_Driver.o
 .debug_macro   0x00033459      0x165 ./Core/Repo/Src/ESC_Driver.o
 .debug_macro   0x000335be      0x7f5 ./Core/Repo/Src/ESC_Driver.o
 .debug_macro   0x00033db3      0x1ae ./Core/Repo/Src/ESC_Driver.o
 .debug_macro   0x00033f61      0x28e ./Core/Repo/Src/ESC_Driver.o
 .debug_macro   0x000341ef       0xe8 ./Core/Repo/Src/ESC_Driver.o
 .debug_macro   0x000342d7       0x58 ./Core/Repo/Src/ESC_Driver.o
 .debug_macro   0x0003432f      0x392 ./Core/Repo/Src/Sumo_Robot.o
 .debug_macro   0x000346c1     0x1172 ./Core/Repo/Src/Sumo_Robot.o
 .debug_macro   0x00035833       0x3a ./Core/Repo/Src/Sumo_Robot.o
 .debug_macro   0x0003586d       0x1c ./Core/Repo/Src/Sumo_Robot.o
 .debug_macro   0x00035889       0x4f ./Core/Repo/Src/Sumo_Robot.o
 .debug_macro   0x000358d8       0x4c ./Core/Repo/Src/Sumo_Robot.o
 .debug_macro   0x00035924      0x379 ./Core/Repo/Src/VL53L0X.o
 .debug_macro   0x00035c9d       0x16 ./Core/Repo/Src/VL53L0X.o
 .debug_macro   0x00035cb3       0x20 ./Core/Repo/Src/VL53L0X.o
 .debug_macro   0x00035cd3      0x41b ./Core/Repo/Src/WaveShareDriver.o
 .debug_macro   0x000360ee       0x16 ./Core/Repo/Src/WaveShareDriver.o
 .debug_macro   0x00036104      0x358 ./Core/Repo/Src/btn_matrix.o
 .debug_macro   0x0003645c      0x39f ./Core/Repo/Src/cpp_main.o
 .debug_macro   0x000367fb       0x16 ./Core/Repo/Src/cpp_main.o
 .debug_macro   0x00036811      0x332 ./Core/Src/main.o
 .debug_macro   0x00036b43      0xafc ./Core/Src/main.o
 .debug_macro   0x0003763f     0x1305 ./Core/Src/main.o
 .debug_macro   0x00038944      0x190 ./Core/Src/main.o
 .debug_macro   0x00038ad4       0x34 ./Core/Src/main.o
 .debug_macro   0x00038b08      0x370 ./Core/Src/main.o
 .debug_macro   0x00038e78       0x4a ./Core/Src/main.o
 .debug_macro   0x00038ec2       0x1c ./Core/Src/main.o
 .debug_macro   0x00038ede      0x19b ./Core/Src/main.o
 .debug_macro   0x00039079      0x9b9 ./Core/Src/main.o
 .debug_macro   0x00039a32      0x329 ./Core/Src/stm32h7xx_hal_msp.o
 .debug_macro   0x00039d5b      0x333 ./Core/Src/stm32h7xx_it.o
 .debug_macro   0x0003a08e      0x29a ./Core/Src/system_stm32h7xx.o
 .debug_macro   0x0003a328      0x2c4 ./Drivers/STM32H7xx_HAL_Driver/Src/stm32h7xx_hal.o
 .debug_macro   0x0003a5ec      0x29a ./Drivers/STM32H7xx_HAL_Driver/Src/stm32h7xx_hal_cortex.o
 .debug_macro   0x0003a886      0x2a1 ./Drivers/STM32H7xx_HAL_Driver/Src/stm32h7xx_hal_gpio.o
 .debug_macro   0x0003ab27      0x366 ./Drivers/STM32H7xx_HAL_Driver/Src/stm32h7xx_hal_i2c.o
 .debug_macro   0x0003ae8d      0x29a ./Drivers/STM32H7xx_HAL_Driver/Src/stm32h7xx_hal_i2c_ex.o
 .debug_macro   0x0003b127      0x2d3 ./Drivers/STM32H7xx_HAL_Driver/Src/stm32h7xx_hal_pwr_ex.o
 .debug_macro   0x0003b3fa      0x2be ./Drivers/STM32H7xx_HAL_Driver/Src/stm32h7xx_hal_rcc.o
 .debug_macro   0x0003b6b8      0x2b8 ./Drivers/STM32H7xx_HAL_Driver/Src/stm32h7xx_hal_rcc_ex.o
 .debug_macro   0x0003b970      0x2a2 ./Drivers/STM32H7xx_HAL_Driver/Src/stm32h7xx_hal_spi.o
 .debug_macro   0x0003bc12      0x34c ./Drivers/STM32H7xx_HAL_Driver/Src/stm32h7xx_ll_adc.o
 .debug_macro   0x0003bf5e      0x2dc ./Drivers/STM32H7xx_HAL_Driver/Src/stm32h7xx_ll_gpio.o
 .debug_macro   0x0003c23a      0x15f ./Drivers/STM32H7xx_HAL_Driver/Src/stm32h7xx_ll_gpio.o
 .debug_macro   0x0003c399      0x351 ./Drivers/STM32H7xx_HAL_Driver/Src/stm32h7xx_ll_tim.o
 .debug_macro   0x0003c6ea      0xa9d ./Drivers/STM32H7xx_HAL_Driver/Src/stm32h7xx_ll_tim.o

.debug_line     0x00000000    0x1839d
 .debug_line    0x00000000      0xcd5 ./Core/Repo/Src/ESC_Driver.o
 .debug_line    0x00000cd5     0x1301 ./Core/Repo/Src/Sumo_Robot.o
 .debug_line    0x00001fd6     0x1588 ./Core/Repo/Src/VL53L0X.o
 .debug_line    0x0000355e     0x128c ./Core/Repo/Src/WaveShareDriver.o
 .debug_line    0x000047ea      0xf0d ./Core/Repo/Src/btn_matrix.o
 .debug_line    0x000056f7      0xc4d ./Core/Repo/Src/cpp_main.o
 .debug_line    0x00006344     0x118a ./Core/Src/main.o
 .debug_line    0x000074ce      0xac4 ./Core/Src/stm32h7xx_hal_msp.o
 .debug_line    0x00007f92      0x9b1 ./Core/Src/stm32h7xx_it.o
 .debug_line    0x00008943      0x99e ./Core/Src/system_stm32h7xx.o
 .debug_line    0x000092e1       0x7b ./Core/Startup/startup_stm32h723zgtx.o
 .debug_line    0x0000935c      0xe13 ./Drivers/STM32H7xx_HAL_Driver/Src/stm32h7xx_hal.o
 .debug_line    0x0000a16f      0xd6c ./Drivers/STM32H7xx_HAL_Driver/Src/stm32h7xx_hal_cortex.o
 .debug_line    0x0000aedb      0xbf7 ./Drivers/STM32H7xx_HAL_Driver/Src/stm32h7xx_hal_gpio.o
 .debug_line    0x0000bad2     0x3af9 ./Drivers/STM32H7xx_HAL_Driver/Src/stm32h7xx_hal_i2c.o
 .debug_line    0x0000f5cb      0x910 ./Drivers/STM32H7xx_HAL_Driver/Src/stm32h7xx_hal_i2c_ex.o
 .debug_line    0x0000fedb      0xe51 ./Drivers/STM32H7xx_HAL_Driver/Src/stm32h7xx_hal_pwr_ex.o
 .debug_line    0x00010d2c     0x1390 ./Drivers/STM32H7xx_HAL_Driver/Src/stm32h7xx_hal_rcc.o
 .debug_line    0x000120bc     0x1c44 ./Drivers/STM32H7xx_HAL_Driver/Src/stm32h7xx_hal_rcc_ex.o
 .debug_line    0x00013d00     0x2114 ./Drivers/STM32H7xx_HAL_Driver/Src/stm32h7xx_hal_spi.o
 .debug_line    0x00015e14      0xc71 ./Drivers/STM32H7xx_HAL_Driver/Src/stm32h7xx_ll_adc.o
 .debug_line    0x00016a85      0x9b6 ./Drivers/STM32H7xx_HAL_Driver/Src/stm32h7xx_ll_gpio.o
 .debug_line    0x0001743b      0xf62 ./Drivers/STM32H7xx_HAL_Driver/Src/stm32h7xx_ll_tim.o

.debug_str      0x00000000   0x16a7f0
 .debug_str     0x00000000   0x16a7f0 ./Core/Repo/Src/ESC_Driver.o
                             0x15eb30 (size before relaxing)
 .debug_str     0x0016a7f0   0x14ab28 ./Core/Repo/Src/Sumo_Robot.o
 .debug_str     0x0016a7f0   0x13e235 ./Core/Repo/Src/VL53L0X.o
 .debug_str     0x0016a7f0   0x15f6e0 ./Core/Repo/Src/WaveShareDriver.o
 .debug_str     0x0016a7f0   0x1485e7 ./Core/Repo/Src/btn_matrix.o
 .debug_str     0x0016a7f0   0x14ab26 ./Core/Repo/Src/cpp_main.o
 .debug_str     0x0016a7f0   0x15def4 ./Core/Src/main.o
 .debug_str     0x0016a7f0   0x15c901 ./Core/Src/stm32h7xx_hal_msp.o
 .debug_str     0x0016a7f0   0x15bb04 ./Core/Src/stm32h7xx_it.o
 .debug_str     0x0016a7f0   0x139ccb ./Core/Src/system_stm32h7xx.o
 .debug_str     0x0016a7f0       0x79 ./Core/Startup/startup_stm32h723zgtx.o
 .debug_str     0x0016a7f0   0x13ad16 ./Drivers/STM32H7xx_HAL_Driver/Src/stm32h7xx_hal.o
 .debug_str     0x0016a7f0   0x13a630 ./Drivers/STM32H7xx_HAL_Driver/Src/stm32h7xx_hal_cortex.o
 .debug_str     0x0016a7f0   0x139cd7 ./Drivers/STM32H7xx_HAL_Driver/Src/stm32h7xx_hal_gpio.o
 .debug_str     0x0016a7f0   0x13ad76 ./Drivers/STM32H7xx_HAL_Driver/Src/stm32h7xx_hal_i2c.o
 .debug_str     0x0016a7f0   0x13a11c ./Drivers/STM32H7xx_HAL_Driver/Src/stm32h7xx_hal_i2c_ex.o
 .debug_str     0x0016a7f0   0x13a0df ./Drivers/STM32H7xx_HAL_Driver/Src/stm32h7xx_hal_pwr_ex.o
 .debug_str     0x0016a7f0   0x13a05a ./Drivers/STM32H7xx_HAL_Driver/Src/stm32h7xx_hal_rcc.o
 .debug_str     0x0016a7f0   0x13a572 ./Drivers/STM32H7xx_HAL_Driver/Src/stm32h7xx_hal_rcc_ex.o
 .debug_str     0x0016a7f0   0x13a3dd ./Drivers/STM32H7xx_HAL_Driver/Src/stm32h7xx_hal_spi.o
 .debug_str     0x0016a7f0   0x1499b8 ./Drivers/STM32H7xx_HAL_Driver/Src/stm32h7xx_ll_adc.o
 .debug_str     0x0016a7f0   0x13bedc ./Drivers/STM32H7xx_HAL_Driver/Src/stm32h7xx_ll_gpio.o
 .debug_str     0x0016a7f0   0x1420d7 ./Drivers/STM32H7xx_HAL_Driver/Src/stm32h7xx_ll_tim.o

.comment        0x00000000       0x43
 .comment       0x00000000       0x43 ./Core/Repo/Src/ESC_Driver.o
                                 0x44 (size before relaxing)
 .comment       0x00000043       0x44 ./Core/Repo/Src/Sumo_Robot.o
 .comment       0x00000043       0x44 ./Core/Repo/Src/VL53L0X.o
 .comment       0x00000043       0x44 ./Core/Repo/Src/WaveShareDriver.o
 .comment       0x00000043       0x44 ./Core/Repo/Src/btn_matrix.o
 .comment       0x00000043       0x44 ./Core/Repo/Src/cpp_main.o
 .comment       0x00000043       0x44 ./Core/Src/main.o
 .comment       0x00000043       0x44 ./Core/Src/stm32h7xx_hal_msp.o
 .comment       0x00000043       0x44 ./Core/Src/stm32h7xx_it.o
 .comment       0x00000043       0x44 ./Core/Src/system_stm32h7xx.o
 .comment       0x00000043       0x44 ./Drivers/STM32H7xx_HAL_Driver/Src/stm32h7xx_hal.o
 .comment       0x00000043       0x44 ./Drivers/STM32H7xx_HAL_Driver/Src/stm32h7xx_hal_cortex.o
 .comment       0x00000043       0x44 ./Drivers/STM32H7xx_HAL_Driver/Src/stm32h7xx_hal_gpio.o
 .comment       0x00000043       0x44 ./Drivers/STM32H7xx_HAL_Driver/Src/stm32h7xx_hal_i2c.o
 .comment       0x00000043       0x44 ./Drivers/STM32H7xx_HAL_Driver/Src/stm32h7xx_hal_i2c_ex.o
 .comment       0x00000043       0x44 ./Drivers/STM32H7xx_HAL_Driver/Src/stm32h7xx_hal_pwr_ex.o
 .comment       0x00000043       0x44 ./Drivers/STM32H7xx_HAL_Driver/Src/stm32h7xx_hal_rcc.o
 .comment       0x00000043       0x44 ./Drivers/STM32H7xx_HAL_Driver/Src/stm32h7xx_hal_rcc_ex.o
 .comment       0x00000043       0x44 ./Drivers/STM32H7xx_HAL_Driver/Src/stm32h7xx_hal_spi.o
 .comment       0x00000043       0x44 ./Drivers/STM32H7xx_HAL_Driver/Src/stm32h7xx_ll_adc.o
 .comment       0x00000043       0x44 ./Drivers/STM32H7xx_HAL_Driver/Src/stm32h7xx_ll_gpio.o
 .comment       0x00000043       0x44 ./Drivers/STM32H7xx_HAL_Driver/Src/stm32h7xx_ll_tim.o

.debug_frame    0x00000000     0x4c48
 .debug_frame   0x00000000       0x60 ./Core/Repo/Src/ESC_Driver.o
 .debug_frame   0x00000060      0x184 ./Core/Repo/Src/Sumo_Robot.o
 .debug_frame   0x000001e4      0x4fc ./Core/Repo/Src/VL53L0X.o
 .debug_frame   0x000006e0      0x1f0 ./Core/Repo/Src/WaveShareDriver.o
 .debug_frame   0x000008d0      0x19c ./Core/Repo/Src/btn_matrix.o
 .debug_frame   0x00000a6c       0x78 ./Core/Repo/Src/cpp_main.o
 .debug_frame   0x00000ae4      0x4e8 ./Core/Src/main.o
 .debug_frame   0x00000fcc       0xd0 ./Core/Src/stm32h7xx_hal_msp.o
 .debug_frame   0x0000109c      0x15c ./Core/Src/stm32h7xx_it.o
 .debug_frame   0x000011f8       0x78 ./Core/Src/system_stm32h7xx.o
 .debug_frame   0x00001270      0x760 ./Drivers/STM32H7xx_HAL_Driver/Src/stm32h7xx_hal.o
 .debug_frame   0x000019d0      0x508 ./Drivers/STM32H7xx_HAL_Driver/Src/stm32h7xx_hal_cortex.o
 .debug_frame   0x00001ed8      0x14c ./Drivers/STM32H7xx_HAL_Driver/Src/stm32h7xx_hal_gpio.o
 .debug_frame   0x00002024      0xc40 ./Drivers/STM32H7xx_HAL_Driver/Src/stm32h7xx_hal_i2c.o
 .debug_frame   0x00002c64      0x100 ./Drivers/STM32H7xx_HAL_Driver/Src/stm32h7xx_hal_i2c_ex.o
 .debug_frame   0x00002d64      0x540 ./Drivers/STM32H7xx_HAL_Driver/Src/stm32h7xx_hal_pwr_ex.o
 .debug_frame   0x000032a4      0x1fc ./Drivers/STM32H7xx_HAL_Driver/Src/stm32h7xx_hal_rcc.o
 .debug_frame   0x000034a0      0x414 ./Drivers/STM32H7xx_HAL_Driver/Src/stm32h7xx_hal_rcc_ex.o
 .debug_frame   0x000038b4      0x7a8 ./Drivers/STM32H7xx_HAL_Driver/Src/stm32h7xx_hal_spi.o
 .debug_frame   0x0000405c      0x3e8 ./Drivers/STM32H7xx_HAL_Driver/Src/stm32h7xx_ll_adc.o
 .debug_frame   0x00004444      0x1c0 ./Drivers/STM32H7xx_HAL_Driver/Src/stm32h7xx_ll_gpio.o
 .debug_frame   0x00004604      0x5d0 ./Drivers/STM32H7xx_HAL_Driver/Src/stm32h7xx_ll_tim.o
 .debug_frame   0x00004bd4       0x20 /opt/stm32cubeide/plugins/com.st.stm32cube.ide.mcu.externaltools.gnu-tools-for-stm32.13.3.rel1.linux64_1.0.0.202410170706/tools/bin/../lib/gcc/arm-none-eabi/13.3.1/../../../../arm-none-eabi/lib/thumb/v7e-m+dp/hard/libc_nano.a(libc_a-memset.o)
 .debug_frame   0x00004bf4       0x2c /opt/stm32cubeide/plugins/com.st.stm32cube.ide.mcu.externaltools.gnu-tools-for-stm32.13.3.rel1.linux64_1.0.0.202410170706/tools/bin/../lib/gcc/arm-none-eabi/13.3.1/../../../../arm-none-eabi/lib/thumb/v7e-m+dp/hard/libc_nano.a(libc_a-init.o)
 .debug_frame   0x00004c20       0x28 /opt/stm32cubeide/plugins/com.st.stm32cube.ide.mcu.externaltools.gnu-tools-for-stm32.13.3.rel1.linux64_1.0.0.202410170706/tools/bin/../lib/gcc/arm-none-eabi/13.3.1/../../../../arm-none-eabi/lib/thumb/v7e-m+dp/hard/libc_nano.a(libc_a-memcpy-stub.o)

.debug_line_str
                0x00000000       0x5d
 .debug_line_str
                0x00000000       0x5d ./Core/Startup/startup_stm32h723zgtx.o
