../Drivers/CMSIS/Include/core_cm7.h:1890:26:__NVIC_GetPriorityGrouping	1
../Drivers/CMSIS/Include/core_cm7.h:1902:22:__NVIC_EnableIRQ	2
../Drivers/CMSIS/Include/core_cm7.h:2032:22:__NVIC_SetPriority	2
../Drivers/CMSIS/Include/core_cm7.h:2079:26:NVIC_EncodePriority	2
../Drivers/STM32H7xx_HAL_Driver/Inc/stm32h7xx_ll_adc.h:3243:22:LL_ADC_SetChannelPreselection	4
../Drivers/STM32H7xx_HAL_Driver/Inc/stm32h7xx_ll_adc.h:4255:22:LL_ADC_REG_SetSequencerRanks	1
../Drivers/STM32H7xx_HAL_Driver/Inc/stm32h7xx_ll_adc.h:4419:22:LL_ADC_REG_SetDataTransferMode	1
../Drivers/STM32H7xx_HAL_Driver/Inc/stm32h7xx_ll_adc.h:5409:22:LL_ADC_SetChannelSamplingTime	1
../Drivers/STM32H7xx_HAL_Driver/Inc/stm32h7xx_ll_adc.h:5555:22:LL_ADC_SetChannelSingleDiff	2
../Drivers/STM32H7xx_HAL_Driver/Inc/stm32h7xx_ll_adc.h:6296:22:LL_ADC_SetOverSamplingScope	1
../Drivers/STM32H7xx_HAL_Driver/Inc/stm32h7xx_ll_adc.h:6818:22:LL_ADC_DisableDeepPowerDown	1
../Drivers/STM32H7xx_HAL_Driver/Inc/stm32h7xx_ll_adc.h:6851:22:LL_ADC_EnableInternalRegulator	1
../Drivers/STM32H7xx_HAL_Driver/Inc/stm32h7xx_ll_tim.h:1714:22:LL_TIM_DisableARRPreload	1
../Drivers/STM32H7xx_HAL_Driver/Inc/stm32h7xx_ll_tim.h:2431:22:LL_TIM_OC_DisableFast	9
../Drivers/STM32H7xx_HAL_Driver/Inc/stm32h7xx_ll_tim.h:2483:22:LL_TIM_OC_EnablePreload	9
../Drivers/STM32H7xx_HAL_Driver/Inc/stm32h7xx_ll_tim.h:3302:22:LL_TIM_SetClockSource	1
../Drivers/STM32H7xx_HAL_Driver/Inc/stm32h7xx_ll_tim.h:3348:22:LL_TIM_SetTriggerOutput	1
../Drivers/STM32H7xx_HAL_Driver/Inc/stm32h7xx_ll_tim.h:3457:22:LL_TIM_DisableMasterSlaveMode	1
../Drivers/STM32H7xx_HAL_Driver/Inc/stm32h7xx_ll_bus.h:872:22:LL_AHB1_GRP1_EnableClock	1
../Drivers/STM32H7xx_HAL_Driver/Inc/stm32h7xx_ll_bus.h:1384:22:LL_AHB4_GRP1_EnableClock	1
../Drivers/STM32H7xx_HAL_Driver/Inc/stm32h7xx_ll_bus.h:1862:22:LL_APB1_GRP1_EnableClock	1
../Core/Src/main.c:81:5:main	1
../Core/Src/main.c:137:6:SystemClock_Config	4
../Core/Src/main.c:196:13:MX_ADC1_Init	3
../Core/Src/main.c:298:13:MX_I2C1_Init	4
../Core/Src/main.c:346:13:MX_I2C2_Init	4
../Core/Src/main.c:394:13:MX_I2C3_Init	4
../Core/Src/main.c:442:13:MX_I2C4_Init	4
../Core/Src/main.c:490:13:MX_I2C5_Init	4
../Core/Src/main.c:538:13:MX_SPI1_Init	2
../Core/Src/main.c:586:13:MX_TIM3_Init	1
../Core/Src/main.c:673:13:MX_GPIO_Init	1
../Core/Src/main.c:777:6:MPU_Config	1
../Core/Src/main.c:808:6:Error_Handler	1
